03-02 10:48:34.016  6098  6098 I ThumbnailCacheManager: ╔═════════════════════════════════════════════════════════╗
03-02 10:48:34.016  6098  6098 I ThumbnailCacheManager: ║          THUMBNAIL CACHE MANAGER - INICIALIZADO        ║
03-02 10:48:34.016  6098  6098 I ThumbnailCacheManager: ╚═════════════════════════════════════════════════════════╝
03-02 10:48:34.016  6098  6098 I ThumbnailCacheManager: 
03-02 10:48:34.016  6098  6098 I ThumbnailCacheManager: 🗄️  CACHE EM MEMÓRIA (LRU):
03-02 10:48:34.016  6098  6098 I ThumbnailCacheManager:    • Capacidade: 100 strips (~43MB)
03-02 10:48:34.016  6098  6098 I ThumbnailCacheManager:    • Auto-eviction: Least Recently Used
03-02 10:48:34.016  6098  6098 I ThumbnailCacheManager: 
03-02 10:48:34.016  6098  6098 I ThumbnailCacheManager: 💾  CACHE EM DISCO:
03-02 10:48:34.016  6098  6098 I ThumbnailCacheManager:    • Formato: WEBP (70% qualidade)
03-02 10:48:34.016  6098  6098 I ThumbnailCacheManager:    • Capacidade: 200MB
03-02 10:48:34.016  6098  6098 I ThumbnailCacheManager:    • LRU baseado em lastModified
03-02 10:48:34.016  6098  6098 I ThumbnailCacheManager: 
03-02 10:48:34.016  6098  6098 I ThumbnailCacheManager: 🔗 ARQUITETURA:
03-02 10:48:34.016  6098  6098 I ThumbnailCacheManager:    • Memória: ThumbnailCache (LRU)
03-02 10:48:34.016  6098  6098 I ThumbnailCacheManager:    • Disco: ThumbnailStripManager
03-02 10:48:34.016  6098  6098 I ThumbnailCacheManager:    • Jobs: Tracking inteligente por vídeo/segmento
03-02 10:48:34.016  6098  6098 I ThumbnailCacheManager: ╚═════════════════════════════════════════════════════════╝
03-02 10:48:39.206  6098  6098 D HomeViewModel$startPreloadInBackground: Starting preload with ThumbnailCacheManager: 6 segments
03-02 10:48:39.233  6098  6098 D ThumbnailCacheManager: ThumbnailCacheManager: StripManager configured with thumbWidth=168, thumbHeight=168, thumbsPerStrip=10
03-02 10:48:39.233  6098  6098 D ThumbnailCacheManager: Cancelling all jobs for URI: content://media/external/video/media/1000041099
03-02 10:48:39.234  6098  6293 D ThumbnailCacheManager$cancelJobsForUri: Cancelled 1 jobs for content://media/external/video/media/1000041099
03-02 10:48:39.235  6098  6289 D ThumbnailCacheManager$startPreload$job: Starting preload for content://media/external/video/media/1000041099: 6 initial segments out of 30 total
03-02 10:48:39.343  6098  6293 D AudioDataExtractor$extractRawPcmData: AudioDataExtractor: START - uri=content://media/external/video/media/1000041099, targetBarCount=400
03-02 10:48:39.375  6098  6293 D AudioDataExtractor$extractRawPcmData: Audio info: sampleRate=48000, channelCount=2, duration=300845ms
03-02 10:48:39.376  6098  6293 D AudioDataExtractor$extractRawPcmData: Calculated: samplesPerBar=72202, estimatedPoints=400
03-02 10:48:39.662  6098  6293 D AudioDataExtractor$extractRawPcmData: Decoder output format changed: {sample-rate=48000, aac-drc-boost-level=127, mime=audio/raw, timeUs=7604, aac-drc-cut-level=127, max-output-channel-count=8, aac-max-output-channel_count=8, aac-target-ref-level=64, aac-drc-album-mode=0, channel-mask=12, encoder-delay=0, buffer-batch-max-output-size=0, buffer-batch-threshold-output-size=0, aac-drc-output-loudness=-1, channel-count=2, aac-drc-effect-type=3, aac-encoded-target-level=-1, encoder-padding=0}
03-02 10:48:39.842  6098  6293 D AudioDataExtractor$extractRawPcmData: Noise collection complete: 50000 samples
03-02 10:48:40.045  6098  6098 I com.chopcut: hiddenapi: Accessing hidden method Landroid/app/ActivityThread;->currentApplication()Landroid/app/Application; (runtime_flags=0, domain=platform, api=unsupported) from Lcom/chopcut/ui/screen/TrimViewModel$TrimViewModelFactory; (domain=app) using reflection: allowed
03-02 10:48:40.047  6098  6098 D TrimViewModel: === TrimViewModel INIT ===
03-02 10:48:40.047  6098  6098 D TrimViewModel: initialAudioAmplitudes = null
03-02 10:48:40.047  6098  6098 D TrimViewModel: initialPreloadedStrips = null
03-02 10:48:40.048  6098  6098 D TrimViewModel: videoUri = content://media/external/video/media/1000041099
03-02 10:48:40.048  6098  6098 D TrimViewModel: TrimViewModel: Iniciando preload com ThumbnailCacheManager (dados não fornecidos)
03-02 10:48:40.049  6098  6098 D TrimViewModel: TrimViewModel: preloadUiState definido como Loading antes de iniciar preload
03-02 10:48:40.049  6098  6098 D TrimViewModel: === TrimViewModel.startPreloadWithCacheManager STARTED ===
03-02 10:48:40.051  6098  6098 D TrimViewModel$startPreloadWithCacheManager: Step 1: Buscando metadados do vídeo...
03-02 10:48:40.099  6098  6098 I TrimScreenKt$TrimScreen: showLoadingOverlay = true
03-02 10:48:40.100  6098  6098 I TrimScreenKt$TrimScreen: === LoadingOverlay LaunchedEffect STARTED ===
03-02 10:48:40.100  6098  6098 I TrimScreenKt$TrimScreen: showLoadingOverlay = true, isDataAlreadyCached = false
03-02 10:48:40.101  6098  6098 V TrimScreenKt$TrimScreen: LoadingOverlay check: elapsed=0ms, minDuration=2000ms, minTime=false, maxTime=false, thumbnails=0.0%, hasAudio=false, state=Loading
03-02 10:48:40.103  6098  6291 D TrimViewModel$loadWaveform: TrimViewModel: loadWaveform START - uri=content://media/external/video/media/1000041099
03-02 10:48:40.104  6098  6291 D TrimViewModel$loadWaveform: TrimViewModel: calculated barCount=0 for quality=Média
03-02 10:48:40.104  6098  6291 D AudioDataExtractor$extractRawPcmData: AudioDataExtractor: START - uri=content://media/external/video/media/1000041099, targetBarCount=0
03-02 10:48:40.148  6098  6291 D AudioDataExtractor$extractRawPcmData: Audio info: sampleRate=48000, channelCount=2, duration=300845ms
03-02 10:48:40.148  6098  6291 D AudioDataExtractor$extractRawPcmData: Calculated: samplesPerBar=1000, estimatedPoints=0
03-02 10:48:40.198  6098  6098 D TrimViewModel$startPreloadWithCacheManager: Step 2: Metadados obtidos: 1440x1440, 300872ms
03-02 10:48:40.198  6098  6098 D TrimViewModel$startPreloadWithCacheManager: Step 3: Dimensões calculadas: thumbWidth=168, thumbHeight=168, thumbsPerStrip=10, totalSegments=30
03-02 10:48:40.199  6098  6098 D TrimViewModel$startPreloadWithCacheManager: Step 4: Preload configurado: 6 segments (30s)
03-02 10:48:40.199  6098  6098 D TrimViewModel$startPreloadWithCacheManager: Step 5: Atualizando estado para Loading...
03-02 10:48:40.199  6098  6098 D TrimViewModel$startPreloadWithCacheManager: Step 6: Estado atualizado para Loading
03-02 10:48:40.199  6098  6098 D TrimViewModel$startPreloadWithCacheManager: Step 7: Iniciando ThumbnailCacheManager.startPreload...
03-02 10:48:40.200  6098  6098 D ThumbnailCacheManager: ThumbnailCacheManager: StripManager configured with thumbWidth=168, thumbHeight=168, thumbsPerStrip=10
03-02 10:48:40.200  6098  6098 D ThumbnailCacheManager: Cancelling all jobs for URI: content://media/external/video/media/1000041099
03-02 10:48:40.201  6098  6290 D ThumbnailCacheManager$startPreload$job: Starting preload for content://media/external/video/media/1000041099: 6 initial segments out of 30 total
03-02 10:48:40.202  6098  6290 D ThumbnailCacheManager$startPreload$job: Preload cancelled for content://media/external/video/media/1000041099
03-02 10:48:40.202  6098  6304 D ThumbnailCacheManager$cancelJobsForUri: Cancelled 1 jobs for content://media/external/video/media/1000041099
03-02 10:48:40.202  6098  6098 V TrimScreenKt$TrimScreen: LoadingOverlay check: elapsed=102ms, minDuration=2000ms, minTime=false, maxTime=false, thumbnails=0.0%, hasAudio=false, state=Loading
03-02 10:48:40.319  6098  6098 V TrimScreenKt$TrimScreen: LoadingOverlay check: elapsed=218ms, minDuration=2000ms, minTime=false, maxTime=false, thumbnails=0.0%, hasAudio=false, state=Loading
03-02 10:48:40.364  6098  6098 D TrimViewModel$startPreloadWithCacheManager: Step 8: ThumbnailCacheManager.startPreload completado: 0 strips
03-02 10:48:40.364  6098  6098 D TrimViewModel$startPreloadWithCacheManager: Step 9: Iniciando extração de waveform...
03-02 10:48:40.365  6098  6304 D AudioDataExtractor$extractRawPcmData: AudioDataExtractor: START - uri=content://media/external/video/media/1000041099, targetBarCount=400
03-02 10:48:40.406  6098  6304 D AudioDataExtractor$extractRawPcmData: Audio info: sampleRate=48000, channelCount=2, duration=300845ms
03-02 10:48:40.406  6098  6304 D AudioDataExtractor$extractRawPcmData: Calculated: samplesPerBar=72202, estimatedPoints=400
03-02 10:48:40.419  6098  6291 D AudioDataExtractor$extractRawPcmData: Decoder output format changed: {sample-rate=48000, aac-drc-boost-level=127, mime=audio/raw, timeUs=7604, aac-drc-cut-level=127, max-output-channel-count=8, aac-max-output-channel_count=8, aac-target-ref-level=64, aac-drc-album-mode=0, channel-mask=12, encoder-delay=0, buffer-batch-max-output-size=0, buffer-batch-threshold-output-size=0, aac-drc-output-loudness=-1, channel-count=2, aac-drc-effect-type=3, aac-encoded-target-level=-1, encoder-padding=0}
03-02 10:48:40.431  6098  6098 V TrimScreenKt$TrimScreen: LoadingOverlay check: elapsed=328ms, minDuration=2000ms, minTime=false, maxTime=false, thumbnails=0.0%, hasAudio=false, state=Loading
03-02 10:48:40.504  6098  6291 D AudioDataExtractor$extractRawPcmData: Progress: 50 bars, 520ms processed
03-02 10:48:40.504  6098  6291 D AudioDataExtractor$extractRawPcmData: Noise collection complete: 50000 samples
03-02 10:48:40.536  6098  6098 V TrimScreenKt$TrimScreen: LoadingOverlay check: elapsed=434ms, minDuration=2000ms, minTime=false, maxTime=false, thumbnails=0.0%, hasAudio=false, state=Loading
03-02 10:48:40.555  6098  6291 D AudioDataExtractor$extractRawPcmData: Progress: 100 bars, 1041ms processed
03-02 10:48:40.617  6098  6291 D AudioDataExtractor$extractRawPcmData: Progress: 150 bars, 1562ms processed
03-02 10:48:40.642  6098  6098 V TrimScreenKt$TrimScreen: LoadingOverlay check: elapsed=540ms, minDuration=2000ms, minTime=false, maxTime=false, thumbnails=0.0%, hasAudio=false, state=Loading
03-02 10:48:40.678  6098  6291 D AudioDataExtractor$extractRawPcmData: Progress: 200 bars, 2083ms processed
03-02 10:48:40.685  6098  6304 D AudioDataExtractor$extractRawPcmData: Decoder output format changed: {sample-rate=48000, aac-drc-boost-level=127, mime=audio/raw, timeUs=7604, aac-drc-cut-level=127, max-output-channel-count=8, aac-max-output-channel_count=8, aac-target-ref-level=64, aac-drc-album-mode=0, channel-mask=12, encoder-delay=0, buffer-batch-max-output-size=0, buffer-batch-threshold-output-size=0, aac-drc-output-loudness=-1, channel-count=2, aac-drc-effect-type=3, aac-encoded-target-level=-1, encoder-padding=0}
03-02 10:48:40.747  6098  6098 V TrimScreenKt$TrimScreen: LoadingOverlay check: elapsed=646ms, minDuration=2000ms, minTime=false, maxTime=false, thumbnails=0.0%, hasAudio=false, state=Loading
03-02 10:48:40.748  6098  6291 D AudioDataExtractor$extractRawPcmData: Progress: 250 bars, 2604ms processed
03-02 10:48:40.819  6098  6304 D AudioDataExtractor$extractRawPcmData: Noise collection complete: 50000 samples
03-02 10:48:40.830  6098  6291 D AudioDataExtractor$extractRawPcmData: Progress: 300 bars, 3125ms processed
03-02 10:48:40.880  6098  6098 V TrimScreenKt$TrimScreen: LoadingOverlay check: elapsed=778ms, minDuration=2000ms, minTime=false, maxTime=false, thumbnails=0.0%, hasAudio=false, state=Loading
03-02 10:48:40.931  6098  6291 D AudioDataExtractor$extractRawPcmData: Progress: 350 bars, 3645ms processed
03-02 10:48:40.992  6098  6098 V TrimScreenKt$TrimScreen: LoadingOverlay check: elapsed=888ms, minDuration=2000ms, minTime=false, maxTime=false, thumbnails=0.0%, hasAudio=false, state=Loading
03-02 10:48:41.019  6098  6291 D AudioDataExtractor$extractRawPcmData: Progress: 400 bars, 4166ms processed
03-02 10:48:41.021  6098  6289 D ThumbnailCacheManager$startPreload$job: Preloaded segment 0/30
03-02 10:48:41.088  6098  6291 D AudioDataExtractor$extractRawPcmData: Progress: 450 bars, 4687ms processed
03-02 10:48:41.103  6098  6098 V TrimScreenKt$TrimScreen: LoadingOverlay check: elapsed=1001ms, minDuration=2000ms, minTime=false, maxTime=false, thumbnails=0.0%, hasAudio=false, state=Loading
03-02 10:48:41.159  6098  6291 D AudioDataExtractor$extractRawPcmData: Progress: 500 bars, 5208ms processed
03-02 10:48:41.206  6098  6098 V TrimScreenKt$TrimScreen: LoadingOverlay check: elapsed=1105ms, minDuration=2000ms, minTime=false, maxTime=false, thumbnails=0.0%, hasAudio=false, state=Loading
03-02 10:48:41.237  6098  6291 D AudioDataExtractor$extractRawPcmData: Progress: 550 bars, 5729ms processed
03-02 10:48:41.309  6098  6098 V TrimScreenKt$TrimScreen: LoadingOverlay check: elapsed=1209ms, minDuration=2000ms, minTime=false, maxTime=false, thumbnails=0.0%, hasAudio=false, state=Loading
03-02 10:48:41.320  6098  6291 D AudioDataExtractor$extractRawPcmData: Progress: 600 bars, 6250ms processed
03-02 10:48:41.410  6098  6291 D AudioDataExtractor$extractRawPcmData: Progress: 650 bars, 6770ms processed
03-02 10:48:41.411  6098  6098 V TrimScreenKt$TrimScreen: LoadingOverlay check: elapsed=1310ms, minDuration=2000ms, minTime=false, maxTime=false, thumbnails=0.0%, hasAudio=false, state=Loading
03-02 10:48:41.482  6098  6291 D AudioDataExtractor$extractRawPcmData: Progress: 700 bars, 7291ms processed
03-02 10:48:41.520  6098  6098 V TrimScreenKt$TrimScreen: LoadingOverlay check: elapsed=1419ms, minDuration=2000ms, minTime=false, maxTime=false, thumbnails=0.0%, hasAudio=false, state=Loading
03-02 10:48:41.544  6098  6291 D AudioDataExtractor$extractRawPcmData: Progress: 750 bars, 7812ms processed
03-02 10:48:41.623  6098  6098 V TrimScreenKt$TrimScreen: LoadingOverlay check: elapsed=1521ms, minDuration=2000ms, minTime=false, maxTime=false, thumbnails=0.0%, hasAudio=false, state=Loading
03-02 10:48:41.630  6098  6291 D AudioDataExtractor$extractRawPcmData: Progress: 800 bars, 8333ms processed
03-02 10:48:41.720  6098  6291 D AudioDataExtractor$extractRawPcmData: Progress: 850 bars, 8854ms processed
03-02 10:48:41.731  6098  6098 V TrimScreenKt$TrimScreen: LoadingOverlay check: elapsed=1630ms, minDuration=2000ms, minTime=false, maxTime=false, thumbnails=0.0%, hasAudio=false, state=Loading
03-02 10:48:41.793  6098  6291 D AudioDataExtractor$extractRawPcmData: Progress: 900 bars, 9375ms processed
03-02 10:48:41.835  6098  6098 V TrimScreenKt$TrimScreen: LoadingOverlay check: elapsed=1733ms, minDuration=2000ms, minTime=false, maxTime=false, thumbnails=0.0%, hasAudio=false, state=Loading
03-02 10:48:41.876  6098  6291 D AudioDataExtractor$extractRawPcmData: Progress: 950 bars, 9895ms processed
03-02 10:48:41.943  6098  6098 V TrimScreenKt$TrimScreen: LoadingOverlay check: elapsed=1841ms, minDuration=2000ms, minTime=false, maxTime=false, thumbnails=0.0%, hasAudio=false, state=Loading
03-02 10:48:41.956  6098  6291 D AudioDataExtractor$extractRawPcmData: Progress: 1000 bars, 10416ms processed
03-02 10:48:42.035  6098  6291 D AudioDataExtractor$extractRawPcmData: Progress: 1050 bars, 10937ms processed
03-02 10:48:42.045  6098  6098 V TrimScreenKt$TrimScreen: LoadingOverlay check: elapsed=1944ms, minDuration=2000ms, minTime=false, maxTime=false, thumbnails=0.0%, hasAudio=false, state=Loading
03-02 10:48:42.111  6098  6291 D AudioDataExtractor$extractRawPcmData: Progress: 1100 bars, 11458ms processed
03-02 10:48:42.152  6098  6098 V TrimScreenKt$TrimScreen: LoadingOverlay check: elapsed=2051ms, minDuration=2000ms, minTime=true, maxTime=false, thumbnails=0.0%, hasAudio=false, state=Loading
03-02 10:48:42.172  6098  6291 D AudioDataExtractor$extractRawPcmData: Progress: 1150 bars, 11979ms processed
03-02 10:48:42.254  6098  6291 D AudioDataExtractor$extractRawPcmData: Progress: 1200 bars, 12500ms processed
03-02 10:48:42.256  6098  6098 V TrimScreenKt$TrimScreen: LoadingOverlay check: elapsed=2155ms, minDuration=2000ms, minTime=true, maxTime=false, thumbnails=0.0%, hasAudio=false, state=Loading
03-02 10:48:42.336  6098  6291 D AudioDataExtractor$extractRawPcmData: Progress: 1250 bars, 13020ms processed
03-02 10:48:42.365  6098  6098 V TrimScreenKt$TrimScreen: LoadingOverlay check: elapsed=2263ms, minDuration=2000ms, minTime=true, maxTime=false, thumbnails=0.0%, hasAudio=false, state=Loading
03-02 10:48:42.409  6098  6291 D AudioDataExtractor$extractRawPcmData: Progress: 1300 bars, 13541ms processed
03-02 10:48:42.469  6098  6098 V TrimScreenKt$TrimScreen: LoadingOverlay check: elapsed=2367ms, minDuration=2000ms, minTime=true, maxTime=false, thumbnails=0.0%, hasAudio=false, state=Loading
03-02 10:48:42.499  6098  6291 D AudioDataExtractor$extractRawPcmData: Progress: 1350 bars, 14062ms processed
03-02 10:48:42.576  6098  6098 V TrimScreenKt$TrimScreen: LoadingOverlay check: elapsed=2475ms, minDuration=2000ms, minTime=true, maxTime=false, thumbnails=0.0%, hasAudio=false, state=Loading
03-02 10:48:42.581  6098  6291 D AudioDataExtractor$extractRawPcmData: Progress: 1400 bars, 14583ms processed
03-02 10:48:42.666  6098  6291 D AudioDataExtractor$extractRawPcmData: Progress: 1450 bars, 15104ms processed
03-02 10:48:42.678  6098  6098 V TrimScreenKt$TrimScreen: LoadingOverlay check: elapsed=2576ms, minDuration=2000ms, minTime=true, maxTime=false, thumbnails=0.0%, hasAudio=false, state=Loading
03-02 10:48:42.750  6098  6291 D AudioDataExtractor$extractRawPcmData: Progress: 1500 bars, 15625ms processed
03-02 10:48:42.785  6098  6098 V TrimScreenKt$TrimScreen: LoadingOverlay check: elapsed=2684ms, minDuration=2000ms, minTime=true, maxTime=false, thumbnails=0.0%, hasAudio=false, state=Loading
03-02 10:48:42.813  6098  6289 D ThumbnailCacheManager$startPreload$job: Preloaded segment 1/30
03-02 10:48:42.818  6098  6291 D AudioDataExtractor$extractRawPcmData: Progress: 1550 bars, 16145ms processed
03-02 10:48:42.886  6098  6098 V TrimScreenKt$TrimScreen: LoadingOverlay check: elapsed=2785ms, minDuration=2000ms, minTime=true, maxTime=false, thumbnails=0.0%, hasAudio=false, state=Loading
03-02 10:48:42.895  6098  6291 D AudioDataExtractor$extractRawPcmData: Progress: 1600 bars, 16666ms processed
03-02 10:48:42.966  6098  6291 D AudioDataExtractor$extractRawPcmData: Progress: 1650 bars, 17187ms processed
03-02 10:48:42.989  6098  6098 V TrimScreenKt$TrimScreen: LoadingOverlay check: elapsed=2887ms, minDuration=2000ms, minTime=true, maxTime=false, thumbnails=0.0%, hasAudio=false, state=Loading
03-02 10:48:43.052  6098  6291 D AudioDataExtractor$extractRawPcmData: Progress: 1700 bars, 17708ms processed
03-02 10:48:43.096  6098  6098 V TrimScreenKt$TrimScreen: LoadingOverlay check: elapsed=2994ms, minDuration=2000ms, minTime=true, maxTime=false, thumbnails=0.0%, hasAudio=false, state=Loading
03-02 10:48:43.125  6098  6291 D AudioDataExtractor$extractRawPcmData: Progress: 1750 bars, 18229ms processed
03-02 10:48:43.202  6098  6098 V TrimScreenKt$TrimScreen: LoadingOverlay check: elapsed=3101ms, minDuration=2000ms, minTime=true, maxTime=false, thumbnails=0.0%, hasAudio=false, state=Loading
03-02 10:48:43.216  6098  6291 D AudioDataExtractor$extractRawPcmData: Progress: 1800 bars, 18750ms processed
03-02 10:48:43.308  6098  6098 V TrimScreenKt$TrimScreen: LoadingOverlay check: elapsed=3207ms, minDuration=2000ms, minTime=true, maxTime=false, thumbnails=0.0%, hasAudio=false, state=Loading
03-02 10:48:43.314  6098  6291 D AudioDataExtractor$extractRawPcmData: Progress: 1850 bars, 19270ms processed
03-02 10:48:43.382  6098  6291 D AudioDataExtractor$extractRawPcmData: Progress: 1900 bars, 19791ms processed
03-02 10:48:43.410  6098  6098 V TrimScreenKt$TrimScreen: LoadingOverlay check: elapsed=3309ms, minDuration=2000ms, minTime=true, maxTime=false, thumbnails=0.0%, hasAudio=false, state=Loading
03-02 10:48:43.475  6098  6291 D AudioDataExtractor$extractRawPcmData: Progress: 1950 bars, 20312ms processed
03-02 10:48:43.512  6098  6098 V TrimScreenKt$TrimScreen: LoadingOverlay check: elapsed=3411ms, minDuration=2000ms, minTime=true, maxTime=false, thumbnails=0.0%, hasAudio=false, state=Loading
03-02 10:48:43.554  6098  6291 D AudioDataExtractor$extractRawPcmData: Progress: 2000 bars, 20833ms processed
03-02 10:48:43.617  6098  6291 D AudioDataExtractor$extractRawPcmData: Progress: 2050 bars, 21354ms processed
03-02 10:48:43.619  6098  6098 V TrimScreenKt$TrimScreen: LoadingOverlay check: elapsed=3518ms, minDuration=2000ms, minTime=true, maxTime=false, thumbnails=0.0%, hasAudio=false, state=Loading
03-02 10:48:43.699  6098  6291 D AudioDataExtractor$extractRawPcmData: Progress: 2100 bars, 21875ms processed
03-02 10:48:43.722  6098  6098 V TrimScreenKt$TrimScreen: LoadingOverlay check: elapsed=3621ms, minDuration=2000ms, minTime=true, maxTime=false, thumbnails=0.0%, hasAudio=false, state=Loading
03-02 10:48:43.781  6098  6291 D AudioDataExtractor$extractRawPcmData: Progress: 2150 bars, 22395ms processed
03-02 10:48:43.828  6098  6098 V TrimScreenKt$TrimScreen: LoadingOverlay check: elapsed=3727ms, minDuration=2000ms, minTime=true, maxTime=false, thumbnails=0.0%, hasAudio=false, state=Loading
03-02 10:48:43.849  6098  6291 D AudioDataExtractor$extractRawPcmData: Progress: 2200 bars, 22916ms processed
03-02 10:48:43.928  6098  6291 D AudioDataExtractor$extractRawPcmData: Progress: 2250 bars, 23437ms processed
03-02 10:48:43.931  6098  6098 V TrimScreenKt$TrimScreen: LoadingOverlay check: elapsed=3830ms, minDuration=2000ms, minTime=true, maxTime=false, thumbnails=0.0%, hasAudio=false, state=Loading
03-02 10:48:44.009  6098  6291 D AudioDataExtractor$extractRawPcmData: Progress: 2300 bars, 23958ms processed
03-02 10:48:44.033  6098  6098 V TrimScreenKt$TrimScreen: LoadingOverlay check: elapsed=3932ms, minDuration=2000ms, minTime=true, maxTime=false, thumbnails=0.0%, hasAudio=false, state=Loading
03-02 10:48:44.102  6098  6291 D AudioDataExtractor$extractRawPcmData: Progress: 2350 bars, 24479ms processed
03-02 10:48:44.140  6098  6098 V TrimScreenKt$TrimScreen: LoadingOverlay check: elapsed=4039ms, minDuration=2000ms, minTime=true, maxTime=false, thumbnails=0.0%, hasAudio=false, state=Loading
03-02 10:48:44.179  6098  6291 D AudioDataExtractor$extractRawPcmData: Progress: 2400 bars, 25000ms processed
03-02 10:48:44.243  6098  6098 V TrimScreenKt$TrimScreen: LoadingOverlay check: elapsed=4142ms, minDuration=2000ms, minTime=true, maxTime=false, thumbnails=0.0%, hasAudio=false, state=Loading
03-02 10:48:44.244  6098  6291 D AudioDataExtractor$extractRawPcmData: Progress: 2450 bars, 25520ms processed
03-02 10:48:44.328  6098  6291 D AudioDataExtractor$extractRawPcmData: Progress: 2500 bars, 26041ms processed
03-02 10:48:44.346  6098  6098 V TrimScreenKt$TrimScreen: LoadingOverlay check: elapsed=4244ms, minDuration=2000ms, minTime=true, maxTime=false, thumbnails=0.0%, hasAudio=false, state=Loading
03-02 10:48:44.404  6098  6291 D AudioDataExtractor$extractRawPcmData: Progress: 2550 bars, 26562ms processed
03-02 10:48:44.451  6098  6098 V TrimScreenKt$TrimScreen: LoadingOverlay check: elapsed=4350ms, minDuration=2000ms, minTime=true, maxTime=false, thumbnails=0.0%, hasAudio=false, state=Loading
03-02 10:48:44.470  6098  6291 D AudioDataExtractor$extractRawPcmData: Progress: 2600 bars, 27083ms processed
03-02 10:48:44.552  6098  6098 V TrimScreenKt$TrimScreen: LoadingOverlay check: elapsed=4452ms, minDuration=2000ms, minTime=true, maxTime=false, thumbnails=0.0%, hasAudio=false, state=Loading
03-02 10:48:44.553  6098  6291 D AudioDataExtractor$extractRawPcmData: Progress: 2650 bars, 27604ms processed
03-02 10:48:44.615  6098  6291 D AudioDataExtractor$extractRawPcmData: Progress: 2700 bars, 28125ms processed
03-02 10:48:44.622  6098  6289 D ThumbnailCacheManager$startPreload$job: Preloaded segment 2/30
03-02 10:48:44.655  6098  6098 V TrimScreenKt$TrimScreen: LoadingOverlay check: elapsed=4553ms, minDuration=2000ms, minTime=true, maxTime=false, thumbnails=0.0%, hasAudio=false, state=Loading
03-02 10:48:44.689  6098  6291 D AudioDataExtractor$extractRawPcmData: Progress: 2750 bars, 28645ms processed
03-02 10:48:44.758  6098  6291 D AudioDataExtractor$extractRawPcmData: Progress: 2800 bars, 29166ms processed
03-02 10:48:44.764  6098  6098 V TrimScreenKt$TrimScreen: LoadingOverlay check: elapsed=4662ms, minDuration=2000ms, minTime=true, maxTime=false, thumbnails=0.0%, hasAudio=false, state=Loading
03-02 10:48:44.826  6098  6291 D AudioDataExtractor$extractRawPcmData: Progress: 2850 bars, 29687ms processed
03-02 10:48:44.865  6098  6098 V TrimScreenKt$TrimScreen: LoadingOverlay check: elapsed=4765ms, minDuration=2000ms, minTime=true, maxTime=false, thumbnails=0.0%, hasAudio=false, state=Loading
03-02 10:48:44.910  6098  6291 D AudioDataExtractor$extractRawPcmData: Progress: 2900 bars, 30208ms processed
03-02 10:48:44.974  6098  6098 V TrimScreenKt$TrimScreen: LoadingOverlay check: elapsed=4872ms, minDuration=2000ms, minTime=true, maxTime=false, thumbnails=0.0%, hasAudio=false, state=Loading
03-02 10:48:44.989  6098  6291 D AudioDataExtractor$extractRawPcmData: Progress: 2950 bars, 30729ms processed
03-02 10:48:45.045  6098  6291 D AudioDataExtractor$extractRawPcmData: Progress: 3000 bars, 31250ms processed
03-02 10:48:45.076  6098  6098 V TrimScreenKt$TrimScreen: LoadingOverlay check: elapsed=4975ms, minDuration=2000ms, minTime=true, maxTime=false, thumbnails=0.0%, hasAudio=false, state=Loading
03-02 10:48:45.129  6098  6291 D AudioDataExtractor$extractRawPcmData: Progress: 3050 bars, 31770ms processed
03-02 10:48:45.184  6098  6098 V TrimScreenKt$TrimScreen: LoadingOverlay check: elapsed=5083ms, minDuration=2000ms, minTime=true, maxTime=true, thumbnails=0.0%, hasAudio=false, state=Loading
03-02 10:48:45.184  6098  6098 I TrimScreenKt$TrimScreen: LoadingOverlay pronto para esconder: Max timeout (5s)
03-02 10:48:45.194  6098  6291 D AudioDataExtractor$extractRawPcmData: Progress: 3100 bars, 32291ms processed
03-02 10:48:45.229  6098  6293 D AudioDataExtractor$extractRawPcmData: Progress: 50 bars, 37605ms processed
03-02 10:48:45.287  6098  6098 I TrimScreenKt$TrimScreen: LoadingOverlay escondido: Max timeout (5s)
03-02 10:48:45.291  6098  6291 D AudioDataExtractor$extractRawPcmData: Progress: 3150 bars, 32812ms processed
03-02 10:48:45.353  6098  6291 D AudioDataExtractor$extractRawPcmData: Progress: 3200 bars, 33333ms processed
03-02 10:48:45.452  6098  6291 D AudioDataExtractor$extractRawPcmData: Progress: 3250 bars, 33854ms processed
03-02 10:48:45.559  6098  6291 D AudioDataExtractor$extractRawPcmData: Progress: 3300 bars, 34375ms processed
03-02 10:48:45.667  6098  6291 D AudioDataExtractor$extractRawPcmData: Progress: 3350 bars, 34895ms processed
03-02 10:48:45.750  6098  6291 D AudioDataExtractor$extractRawPcmData: Progress: 3400 bars, 35416ms processed
03-02 10:48:45.826  6098  6291 D AudioDataExtractor$extractRawPcmData: Progress: 3450 bars, 35937ms processed
03-02 10:48:45.932  6098  6291 D AudioDataExtractor$extractRawPcmData: Progress: 3500 bars, 36458ms processed
03-02 10:48:45.976  6098  6098 I TrimScreenKt$TrimScreen: === LoadingOverlay LaunchedEffect STARTED ===
03-02 10:48:45.976  6098  6098 I TrimScreenKt$TrimScreen: showLoadingOverlay = false, isDataAlreadyCached = false
03-02 10:48:46.064  6098  6291 D AudioDataExtractor$extractRawPcmData: Progress: 3550 bars, 36979ms processed
03-02 10:48:46.192  6098  6291 D AudioDataExtractor$extractRawPcmData: Progress: 3600 bars, 37500ms processed
03-02 10:48:46.341  6098  6291 D AudioDataExtractor$extractRawPcmData: Progress: 3650 bars, 38020ms processed
03-02 10:48:46.477  6098  6098 D ThumbnailCacheManager: Checking for far jobs from segment 0 (threshold: 5)
03-02 10:48:46.483  6098  6290 D ThumbnailCacheManager: ThumbnailCacheManager: StripManager configured with thumbWidth=169, thumbHeight=95, thumbsPerStrip=10
03-02 10:48:46.485  6098  6306 D ThumbnailCacheManager: ThumbnailCacheManager: StripManager configured with thumbWidth=169, thumbHeight=95, thumbsPerStrip=10
03-02 10:48:46.486  6098  6098 D ThumbnailCacheManager: Checking for far jobs from segment 0 (threshold: 10)
03-02 10:48:46.491  6098  6290 D ThumbnailCacheManager$loadStripWithTracking$job: Segment job cancelled: content://media/external/video/media/1000041099_1
03-02 10:48:46.518  6098  6303 D ThumbnailCacheManager$loadStripWithTracking$job: Segment job cancelled: content://media/external/video/media/1000041099_3
03-02 10:48:46.521  6098  6295 D ThumbnailCacheManager$loadStripWithTracking$job: Segment job cancelled: content://media/external/video/media/1000041099_2
03-02 10:48:46.523  6098  6295 D ThumbnailCacheManager$loadStripWithTracking$job: Segment job cancelled: content://media/external/video/media/1000041099_0
03-02 10:48:46.529  6098  6295 D TrimViewModel$loadAudioWaveforms: TrimViewModel: loadAudioWaveforms START - uri=content://media/external/video/media/1000041099, targetBarCount=800
03-02 10:48:46.530  6098  6295 D AudioDataExtractor$extractRawPcmData: AudioDataExtractor: START - uri=content://media/external/video/media/1000041099, targetBarCount=800
03-02 10:48:46.611  6098  6291 D AudioDataExtractor$extractRawPcmData: Progress: 3700 bars, 38541ms processed
03-02 10:48:46.621  6098  6295 D AudioDataExtractor$extractRawPcmData: Audio info: sampleRate=48000, channelCount=2, duration=300845ms
03-02 10:48:46.622  6098  6295 D AudioDataExtractor$extractRawPcmData: Calculated: samplesPerBar=36101, estimatedPoints=800
03-02 10:48:46.722  6098  6304 D AudioDataExtractor$extractRawPcmData: Progress: 50 bars, 37605ms processed
03-02 10:48:46.777  6098  6291 D AudioDataExtractor$extractRawPcmData: Progress: 3750 bars, 39062ms processed
03-02 10:48:46.815  6098  6289 D ThumbnailCacheManager$startPreload$job: Preloaded segment 3/30
03-02 10:48:46.816  6098  6289 D ThumbnailCacheManager: ThumbnailCacheManager: StripManager configured with thumbWidth=168, thumbHeight=168, thumbsPerStrip=10
03-02 10:48:46.947  6098  6295 D AudioDataExtractor$extractRawPcmData: Decoder output format changed: {sample-rate=48000, aac-drc-boost-level=127, mime=audio/raw, timeUs=7604, aac-drc-cut-level=127, max-output-channel-count=8, aac-max-output-channel_count=8, aac-target-ref-level=64, aac-drc-album-mode=0, channel-mask=12, encoder-delay=0, buffer-batch-max-output-size=0, buffer-batch-threshold-output-size=0, aac-drc-output-loudness=-1, channel-count=2, aac-drc-effect-type=3, aac-encoded-target-level=-1, encoder-padding=0}
03-02 10:48:47.014  6098  6291 D AudioDataExtractor$extractRawPcmData: Progress: 3800 bars, 39583ms processed
03-02 10:48:47.192  6098  6291 D AudioDataExtractor$extractRawPcmData: Progress: 3850 bars, 40104ms processed
03-02 10:48:47.289  6098  6295 D AudioDataExtractor$extractRawPcmData: Noise collection complete: 50000 samples
03-02 10:48:47.489  6098  6291 D AudioDataExtractor$extractRawPcmData: Progress: 3900 bars, 40625ms processed
03-02 10:48:47.652  6098  6291 D AudioDataExtractor$extractRawPcmData: Progress: 3950 bars, 41145ms processed
03-02 10:48:47.842  6098  6291 D AudioDataExtractor$extractRawPcmData: Progress: 4000 bars, 41666ms processed
03-02 10:48:48.019  6098  6291 D AudioDataExtractor$extractRawPcmData: Progress: 4050 bars, 42187ms processed
03-02 10:48:48.227  6098  6291 D AudioDataExtractor$extractRawPcmData: Progress: 4100 bars, 42708ms processed
03-02 10:48:48.425  6098  6291 D AudioDataExtractor$extractRawPcmData: Progress: 4150 bars, 43229ms processed
03-02 10:48:48.620  6098  6291 D AudioDataExtractor$extractRawPcmData: Progress: 4200 bars, 43750ms processed
03-02 10:48:48.817  6098  6291 D AudioDataExtractor$extractRawPcmData: Progress: 4250 bars, 44270ms processed
03-02 10:48:49.010  6098  6291 D AudioDataExtractor$extractRawPcmData: Progress: 4300 bars, 44791ms processed
03-02 10:48:49.213  6098  6291 D AudioDataExtractor$extractRawPcmData: Progress: 4350 bars, 45312ms processed
03-02 10:48:49.446  6098  6291 D AudioDataExtractor$extractRawPcmData: Progress: 4400 bars, 45833ms processed
03-02 10:48:49.686  6098  6291 D AudioDataExtractor$extractRawPcmData: Progress: 4450 bars, 46354ms processed
03-02 10:48:49.887  6098  6291 D AudioDataExtractor$extractRawPcmData: Progress: 4500 bars, 46875ms processed
03-02 10:48:50.134  6098  6291 D AudioDataExtractor$extractRawPcmData: Progress: 4550 bars, 47395ms processed
03-02 10:48:50.415  6098  6291 D AudioDataExtractor$extractRawPcmData: Progress: 4600 bars, 47916ms processed
03-02 10:48:50.625  6098  6291 D AudioDataExtractor$extractRawPcmData: Progress: 4650 bars, 48437ms processed
03-02 10:48:50.862  6098  6291 D AudioDataExtractor$extractRawPcmData: Progress: 4700 bars, 48958ms processed
03-02 10:48:51.077  6098  6291 D AudioDataExtractor$extractRawPcmData: Progress: 4750 bars, 49479ms processed
03-02 10:48:51.313  6098  6291 D AudioDataExtractor$extractRawPcmData: Progress: 4800 bars, 50000ms processed
03-02 10:48:51.562  6098  6291 D AudioDataExtractor$extractRawPcmData: Progress: 4850 bars, 50520ms processed
03-02 10:48:51.788  6098  6291 D AudioDataExtractor$extractRawPcmData: Progress: 4900 bars, 51041ms processed
03-02 10:48:51.990  6098  6291 D AudioDataExtractor$extractRawPcmData: Progress: 4950 bars, 51562ms processed
03-02 10:48:52.217  6098  6291 D AudioDataExtractor$extractRawPcmData: Progress: 5000 bars, 52083ms processed
03-02 10:48:52.369  6098  6291 D AudioDataExtractor$extractRawPcmData: Progress: 5050 bars, 52604ms processed
03-02 10:48:52.490  6098  6291 D AudioDataExtractor$extractRawPcmData: Progress: 5100 bars, 53125ms processed
03-02 10:48:52.650  6098  6291 D AudioDataExtractor$extractRawPcmData: Progress: 5150 bars, 53645ms processed
03-02 10:48:52.789  6098  6291 D AudioDataExtractor$extractRawPcmData: Progress: 5200 bars, 54166ms processed
03-02 10:48:53.062  6098  6291 D AudioDataExtractor$extractRawPcmData: Progress: 5250 bars, 54687ms processed
03-02 10:48:53.201  6098  6291 D AudioDataExtractor$extractRawPcmData: Progress: 5300 bars, 55208ms processed
03-02 10:48:53.368  6098  6291 D AudioDataExtractor$extractRawPcmData: Progress: 5350 bars, 55729ms processed
03-02 10:48:53.538  6098  6291 D AudioDataExtractor$extractRawPcmData: Progress: 5400 bars, 56250ms processed
03-02 10:48:53.636  6098  6291 D AudioDataExtractor$extractRawPcmData: Progress: 5450 bars, 56770ms processed
03-02 10:48:53.799  6098  6291 D AudioDataExtractor$extractRawPcmData: Progress: 5500 bars, 57291ms processed
03-02 10:48:53.933  6098  6291 D AudioDataExtractor$extractRawPcmData: Progress: 5550 bars, 57812ms processed
03-02 10:48:53.940  6098  6295 D AudioDataExtractor$extractRawPcmData: Progress: 50 bars, 18802ms processed
03-02 10:48:54.073  6098  6291 D AudioDataExtractor$extractRawPcmData: Progress: 5600 bars, 58333ms processed
03-02 10:48:54.210  6098  6291 D AudioDataExtractor$extractRawPcmData: Progress: 5650 bars, 58854ms processed
03-02 10:48:54.314  6098  6291 D AudioDataExtractor$extractRawPcmData: Progress: 5700 bars, 59375ms processed
03-02 10:48:54.427  6098  6291 D AudioDataExtractor$extractRawPcmData: Progress: 5750 bars, 59895ms processed
03-02 10:48:54.571  6098  6291 D AudioDataExtractor$extractRawPcmData: Progress: 5800 bars, 60416ms processed
03-02 10:48:54.676  6098  6291 D AudioDataExtractor$extractRawPcmData: Progress: 5850 bars, 60937ms processed
03-02 10:48:54.813  6098  6291 D AudioDataExtractor$extractRawPcmData: Progress: 5900 bars, 61458ms processed
03-02 10:48:54.906  6098  6291 D AudioDataExtractor$extractRawPcmData: Progress: 5950 bars, 61979ms processed
03-02 10:48:55.008  6098  6291 D AudioDataExtractor$extractRawPcmData: Progress: 6000 bars, 62500ms processed
03-02 10:48:55.168  6098  6291 D AudioDataExtractor$extractRawPcmData: Progress: 6050 bars, 63020ms processed
03-02 10:48:55.282  6098  6291 D AudioDataExtractor$extractRawPcmData: Progress: 6100 bars, 63541ms processed
03-02 10:48:55.382  6098  6291 D AudioDataExtractor$extractRawPcmData: Progress: 6150 bars, 64062ms processed
03-02 10:48:55.515  6098  6291 D AudioDataExtractor$extractRawPcmData: Progress: 6200 bars, 64583ms processed
03-02 10:48:55.618  6098  6291 D AudioDataExtractor$extractRawPcmData: Progress: 6250 bars, 65104ms processed
03-02 10:48:55.765  6098  6291 D AudioDataExtractor$extractRawPcmData: Progress: 6300 bars, 65625ms processed
03-02 10:48:55.862  6098  6291 D AudioDataExtractor$extractRawPcmData: Progress: 6350 bars, 66145ms processed
03-02 10:48:55.997  6098  6291 D AudioDataExtractor$extractRawPcmData: Progress: 6400 bars, 66666ms processed
03-02 10:48:56.151  6098  6291 D AudioDataExtractor$extractRawPcmData: Progress: 6450 bars, 67187ms processed
03-02 10:48:56.322  6098  6291 D AudioDataExtractor$extractRawPcmData: Progress: 6500 bars, 67708ms processed
03-02 10:48:56.488  6098  6291 D AudioDataExtractor$extractRawPcmData: Progress: 6550 bars, 68229ms processed
03-02 10:48:56.587  6098  6291 D AudioDataExtractor$extractRawPcmData: Progress: 6600 bars, 68750ms processed
03-02 10:48:56.638  6098  6390 D ThumbnailCacheManager$startPreload$job: Preloaded segment 4/30
03-02 10:48:56.640  6098  6390 D ThumbnailCacheManager$startPreload$job: Preloaded segment 5/30
03-02 10:48:56.640  6098  6390 D ThumbnailCacheManager$startPreload$job: Preload completed: 6 segments loaded
03-02 10:48:56.659  6098  6291 D AudioDataExtractor$extractRawPcmData: Progress: 6650 bars, 69270ms processed
03-02 10:48:56.728  6098  6291 D AudioDataExtractor$extractRawPcmData: Progress: 6700 bars, 69791ms processed
03-02 10:48:56.762  6098  6293 D AudioDataExtractor$extractRawPcmData: Progress: 100 bars, 75210ms processed
03-02 10:48:56.808  6098  6291 D AudioDataExtractor$extractRawPcmData: Progress: 6750 bars, 70312ms processed
03-02 10:48:56.879  6098  6291 D AudioDataExtractor$extractRawPcmData: Progress: 6800 bars, 70833ms processed
03-02 10:48:56.953  6098  6291 D AudioDataExtractor$extractRawPcmData: Progress: 6850 bars, 71354ms processed
03-02 10:48:57.025  6098  6291 D AudioDataExtractor$extractRawPcmData: Progress: 6900 bars, 71875ms processed
03-02 10:48:57.118  6098  6291 D AudioDataExtractor$extractRawPcmData: Progress: 6950 bars, 72395ms processed
03-02 10:48:57.184  6098  6291 D AudioDataExtractor$extractRawPcmData: Progress: 7000 bars, 72916ms processed
03-02 10:48:57.255  6098  6291 D AudioDataExtractor$extractRawPcmData: Progress: 7050 bars, 73437ms processed
03-02 10:48:57.330  6098  6291 D AudioDataExtractor$extractRawPcmData: Progress: 7100 bars, 73958ms processed
03-02 10:48:57.399  6098  6291 D AudioDataExtractor$extractRawPcmData: Progress: 7150 bars, 74479ms processed
03-02 10:48:57.460  6098  6291 D AudioDataExtractor$extractRawPcmData: Progress: 7200 bars, 75000ms processed
03-02 10:48:57.464  6098  6304 D AudioDataExtractor$extractRawPcmData: Progress: 100 bars, 75210ms processed
03-02 10:48:57.539  6098  6291 D AudioDataExtractor$extractRawPcmData: Progress: 7250 bars, 75520ms processed
03-02 10:48:57.595  6098  6291 D AudioDataExtractor$extractRawPcmData: Progress: 7300 bars, 76041ms processed
03-02 10:48:57.672  6098  6291 D AudioDataExtractor$extractRawPcmData: Progress: 7350 bars, 76562ms processed
03-02 10:48:57.713  6098  6295 D AudioDataExtractor$extractRawPcmData: Progress: 100 bars, 37605ms processed
03-02 10:48:57.747  6098  6291 D AudioDataExtractor$extractRawPcmData: Progress: 7400 bars, 77083ms processed
03-02 10:48:57.812  6098  6291 D AudioDataExtractor$extractRawPcmData: Progress: 7450 bars, 77604ms processed
03-02 10:48:57.896  6098  6291 D AudioDataExtractor$extractRawPcmData: Progress: 7500 bars, 78125ms processed
03-02 10:48:57.961  6098  6291 D AudioDataExtractor$extractRawPcmData: Progress: 7550 bars, 78645ms processed
03-02 10:48:58.041  6098  6291 D AudioDataExtractor$extractRawPcmData: Progress: 7600 bars, 79166ms processed
03-02 10:48:58.110  6098  6291 D AudioDataExtractor$extractRawPcmData: Progress: 7650 bars, 79687ms processed
03-02 10:48:58.181  6098  6291 D AudioDataExtractor$extractRawPcmData: Progress: 7700 bars, 80208ms processed
03-02 10:48:58.260  6098  6291 D AudioDataExtractor$extractRawPcmData: Progress: 7750 bars, 80729ms processed
03-02 10:48:58.328  6098  6291 D AudioDataExtractor$extractRawPcmData: Progress: 7800 bars, 81250ms processed
03-02 10:48:58.400  6098  6291 D AudioDataExtractor$extractRawPcmData: Progress: 7850 bars, 81770ms processed
03-02 10:48:58.476  6098  6291 D AudioDataExtractor$extractRawPcmData: Progress: 7900 bars, 82291ms processed
03-02 10:48:58.541  6098  6291 D AudioDataExtractor$extractRawPcmData: Progress: 7950 bars, 82812ms processed
03-02 10:48:58.630  6098  6291 D AudioDataExtractor$extractRawPcmData: Progress: 8000 bars, 83333ms processed
03-02 10:48:58.686  6098  6291 D AudioDataExtractor$extractRawPcmData: Progress: 8050 bars, 83854ms processed
03-02 10:48:58.765  6098  6291 D AudioDataExtractor$extractRawPcmData: Progress: 8100 bars, 84375ms processed
03-02 10:48:58.842  6098  6291 D AudioDataExtractor$extractRawPcmData: Progress: 8150 bars, 84895ms processed
03-02 10:48:58.909  6098  6291 D AudioDataExtractor$extractRawPcmData: Progress: 8200 bars, 85416ms processed
03-02 10:48:58.993  6098  6291 D AudioDataExtractor$extractRawPcmData: Progress: 8250 bars, 85937ms processed
03-02 10:48:59.053  6098  6291 D AudioDataExtractor$extractRawPcmData: Progress: 8300 bars, 86458ms processed
03-02 10:48:59.115  6098  6291 D AudioDataExtractor$extractRawPcmData: Progress: 8350 bars, 86979ms processed
03-02 10:48:59.188  6098  6291 D AudioDataExtractor$extractRawPcmData: Progress: 8400 bars, 87500ms processed
03-02 10:48:59.253  6098  6291 D AudioDataExtractor$extractRawPcmData: Progress: 8450 bars, 88020ms processed
03-02 10:48:59.311  6098  6291 D AudioDataExtractor$extractRawPcmData: Progress: 8500 bars, 88541ms processed
03-02 10:48:59.389  6098  6291 D AudioDataExtractor$extractRawPcmData: Progress: 8550 bars, 89062ms processed
03-02 10:48:59.455  6098  6291 D AudioDataExtractor$extractRawPcmData: Progress: 8600 bars, 89583ms processed
03-02 10:48:59.528  6098  6291 D AudioDataExtractor$extractRawPcmData: Progress: 8650 bars, 90104ms processed
03-02 10:48:59.591  6098  6291 D AudioDataExtractor$extractRawPcmData: Progress: 8700 bars, 90625ms processed
03-02 10:48:59.648  6098  6291 D AudioDataExtractor$extractRawPcmData: Progress: 8750 bars, 91145ms processed
03-02 10:48:59.723  6098  6291 D AudioDataExtractor$extractRawPcmData: Progress: 8800 bars, 91666ms processed
03-02 10:48:59.790  6098  6291 D AudioDataExtractor$extractRawPcmData: Progress: 8850 bars, 92187ms processed
03-02 10:48:59.855  6098  6291 D AudioDataExtractor$extractRawPcmData: Progress: 8900 bars, 92708ms processed
03-02 10:48:59.936  6098  6291 D AudioDataExtractor$extractRawPcmData: Progress: 8950 bars, 93229ms processed
03-02 10:49:00.008  6098  6291 D AudioDataExtractor$extractRawPcmData: Progress: 9000 bars, 93750ms processed
03-02 10:49:00.080  6098  6291 D AudioDataExtractor$extractRawPcmData: Progress: 9050 bars, 94270ms processed
03-02 10:49:00.152  6098  6291 D AudioDataExtractor$extractRawPcmData: Progress: 9100 bars, 94791ms processed
03-02 10:49:00.217  6098  6291 D AudioDataExtractor$extractRawPcmData: Progress: 9150 bars, 95312ms processed
03-02 10:49:00.257  6098  6295 D AudioDataExtractor$extractRawPcmData: Progress: 150 bars, 56407ms processed
03-02 10:49:00.308  6098  6291 D AudioDataExtractor$extractRawPcmData: Progress: 9200 bars, 95833ms processed
03-02 10:49:00.367  6098  6291 D AudioDataExtractor$extractRawPcmData: Progress: 9250 bars, 96354ms processed
03-02 10:49:00.445  6098  6291 D AudioDataExtractor$extractRawPcmData: Progress: 9300 bars, 96875ms processed
03-02 10:49:00.505  6098  6291 D AudioDataExtractor$extractRawPcmData: Progress: 9350 bars, 97395ms processed
03-02 10:49:00.565  6098  6291 D AudioDataExtractor$extractRawPcmData: Progress: 9400 bars, 97916ms processed
03-02 10:49:00.654  6098  6291 D AudioDataExtractor$extractRawPcmData: Progress: 9450 bars, 98437ms processed
03-02 10:49:00.721  6098  6291 D AudioDataExtractor$extractRawPcmData: Progress: 9500 bars, 98958ms processed
03-02 10:49:00.794  6098  6291 D AudioDataExtractor$extractRawPcmData: Progress: 9550 bars, 99479ms processed
03-02 10:49:00.876  6098  6291 D AudioDataExtractor$extractRawPcmData: Progress: 9600 bars, 100000ms processed
03-02 10:49:00.933  6098  6291 D AudioDataExtractor$extractRawPcmData: Progress: 9650 bars, 100520ms processed
03-02 10:49:01.003  6098  6291 D AudioDataExtractor$extractRawPcmData: Progress: 9700 bars, 101041ms processed
03-02 10:49:01.066  6098  6291 D AudioDataExtractor$extractRawPcmData: Progress: 9750 bars, 101562ms processed
03-02 10:49:01.142  6098  6291 D AudioDataExtractor$extractRawPcmData: Progress: 9800 bars, 102083ms processed
03-02 10:49:01.220  6098  6291 D AudioDataExtractor$extractRawPcmData: Progress: 9850 bars, 102604ms processed
03-02 10:49:01.298  6098  6291 D AudioDataExtractor$extractRawPcmData: Progress: 9900 bars, 103125ms processed
03-02 10:49:01.368  6098  6291 D AudioDataExtractor$extractRawPcmData: Progress: 9950 bars, 103645ms processed
03-02 10:49:01.436  6098  6291 D AudioDataExtractor$extractRawPcmData: Progress: 10000 bars, 104166ms processed
03-02 10:49:01.505  6098  6291 D AudioDataExtractor$extractRawPcmData: Progress: 10050 bars, 104687ms processed
03-02 10:49:01.580  6098  6291 D AudioDataExtractor$extractRawPcmData: Progress: 10100 bars, 105208ms processed
03-02 10:49:01.646  6098  6291 D AudioDataExtractor$extractRawPcmData: Progress: 10150 bars, 105729ms processed
03-02 10:49:01.717  6098  6291 D AudioDataExtractor$extractRawPcmData: Progress: 10200 bars, 106250ms processed
03-02 10:49:01.777  6098  6293 D AudioDataExtractor$extractRawPcmData: Progress: 150 bars, 112815ms processed
03-02 10:49:01.807  6098  6291 D AudioDataExtractor$extractRawPcmData: Progress: 10250 bars, 106770ms processed
03-02 10:49:01.875  6098  6291 D AudioDataExtractor$extractRawPcmData: Progress: 10300 bars, 107291ms processed
03-02 10:49:01.976  6098  6291 D AudioDataExtractor$extractRawPcmData: Progress: 10350 bars, 107812ms processed
03-02 10:49:02.091  6098  6291 D AudioDataExtractor$extractRawPcmData: Progress: 10400 bars, 108333ms processed
03-02 10:49:02.180  6098  6291 D AudioDataExtractor$extractRawPcmData: Progress: 10450 bars, 108854ms processed
03-02 10:49:02.278  6098  6291 D AudioDataExtractor$extractRawPcmData: Progress: 10500 bars, 109375ms processed
03-02 10:49:02.369  6098  6291 D AudioDataExtractor$extractRawPcmData: Progress: 10550 bars, 109895ms processed
03-02 10:49:02.456  6098  6291 D AudioDataExtractor$extractRawPcmData: Progress: 10600 bars, 110416ms processed
03-02 10:49:02.563  6098  6291 D AudioDataExtractor$extractRawPcmData: Progress: 10650 bars, 110937ms processed
03-02 10:49:02.624  6098  6291 D AudioDataExtractor$extractRawPcmData: Progress: 10700 bars, 111458ms processed
03-02 10:49:02.675  6098  6304 D AudioDataExtractor$extractRawPcmData: Progress: 150 bars, 112815ms processed
03-02 10:49:02.694  6098  6291 D AudioDataExtractor$extractRawPcmData: Progress: 10750 bars, 111979ms processed
03-02 10:49:02.757  6098  6291 D AudioDataExtractor$extractRawPcmData: Progress: 10800 bars, 112500ms processed
03-02 10:49:02.825  6098  6291 D AudioDataExtractor$extractRawPcmData: Progress: 10850 bars, 113020ms processed
03-02 10:49:02.903  6098  6291 D AudioDataExtractor$extractRawPcmData: Progress: 10900 bars, 113541ms processed
03-02 10:49:02.951  6098  6295 D AudioDataExtractor$extractRawPcmData: Progress: 200 bars, 75210ms processed
03-02 10:49:02.970  6098  6291 D AudioDataExtractor$extractRawPcmData: Progress: 10950 bars, 114062ms processed
03-02 10:49:03.044  6098  6291 D AudioDataExtractor$extractRawPcmData: Progress: 11000 bars, 114583ms processed
03-02 10:49:03.128  6098  6291 D AudioDataExtractor$extractRawPcmData: Progress: 11050 bars, 115104ms processed
03-02 10:49:03.193  6098  6291 D AudioDataExtractor$extractRawPcmData: Progress: 11100 bars, 115625ms processed
03-02 10:49:03.268  6098  6291 D AudioDataExtractor$extractRawPcmData: Progress: 11150 bars, 116145ms processed
03-02 10:49:03.336  6098  6291 D AudioDataExtractor$extractRawPcmData: Progress: 11200 bars, 116666ms processed
03-02 10:49:03.409  6098  6291 D AudioDataExtractor$extractRawPcmData: Progress: 11250 bars, 117187ms processed
03-02 10:49:03.487  6098  6291 D AudioDataExtractor$extractRawPcmData: Progress: 11300 bars, 117708ms processed
03-02 10:49:03.551  6098  6291 D AudioDataExtractor$extractRawPcmData: Progress: 11350 bars, 118229ms processed
03-02 10:49:03.626  6098  6291 D AudioDataExtractor$extractRawPcmData: Progress: 11400 bars, 118750ms processed
03-02 10:49:03.694  6098  6291 D AudioDataExtractor$extractRawPcmData: Progress: 11450 bars, 119270ms processed
03-02 10:49:03.760  6098  6291 D AudioDataExtractor$extractRawPcmData: Progress: 11500 bars, 119791ms processed
03-02 10:49:03.833  6098  6291 D AudioDataExtractor$extractRawPcmData: Progress: 11550 bars, 120312ms processed
03-02 10:49:03.898  6098  6291 D AudioDataExtractor$extractRawPcmData: Progress: 11600 bars, 120833ms processed
03-02 10:49:03.967  6098  6291 D AudioDataExtractor$extractRawPcmData: Progress: 11650 bars, 121354ms processed
03-02 10:49:04.037  6098  6291 D AudioDataExtractor$extractRawPcmData: Progress: 11700 bars, 121875ms processed
03-02 10:49:04.102  6098  6291 D AudioDataExtractor$extractRawPcmData: Progress: 11750 bars, 122395ms processed
03-02 10:49:04.182  6098  6291 D AudioDataExtractor$extractRawPcmData: Progress: 11800 bars, 122916ms processed
03-02 10:49:04.252  6098  6291 D AudioDataExtractor$extractRawPcmData: Progress: 11850 bars, 123437ms processed
03-02 10:49:04.318  6098  6291 D AudioDataExtractor$extractRawPcmData: Progress: 11900 bars, 123958ms processed
03-02 10:49:04.390  6098  6291 D AudioDataExtractor$extractRawPcmData: Progress: 11950 bars, 124479ms processed
03-02 10:49:04.465  6098  6291 D AudioDataExtractor$extractRawPcmData: Progress: 12000 bars, 125000ms processed
03-02 10:49:04.524  6098  6291 D AudioDataExtractor$extractRawPcmData: Progress: 12050 bars, 125520ms processed
03-02 10:49:04.598  6098  6291 D AudioDataExtractor$extractRawPcmData: Progress: 12100 bars, 126041ms processed
