03-02 10:49:04.660  6098  6291 D AudioDataExtractor$extractRawPcmData: Progress: 12150 bars, 126562ms processed
03-02 10:49:04.732  6098  6291 D AudioDataExtractor$extractRawPcmData: Progress: 12200 bars, 127083ms processed
03-02 10:49:04.797  6098  6291 D AudioDataExtractor$extractRawPcmData: Progress: 12250 bars, 127604ms processed
03-02 10:49:04.864  6098  6291 D AudioDataExtractor$extractRawPcmData: Progress: 12300 bars, 128125ms processed
03-02 10:49:04.961  6098  6291 D AudioDataExtractor$extractRawPcmData: Progress: 12350 bars, 128645ms processed
03-02 10:49:05.036  6098  6291 D AudioDataExtractor$extractRawPcmData: Progress: 12400 bars, 129166ms processed
03-02 10:49:05.120  6098  6291 D AudioDataExtractor$extractRawPcmData: Progress: 12450 bars, 129687ms processed
03-02 10:49:05.177  6098  6291 D AudioDataExtractor$extractRawPcmData: Progress: 12500 bars, 130208ms processed
03-02 10:49:05.248  6098  6291 D AudioDataExtractor$extractRawPcmData: Progress: 12550 bars, 130729ms processed
03-02 10:49:05.323  6098  6291 D AudioDataExtractor$extractRawPcmData: Progress: 12600 bars, 131250ms processed
03-02 10:49:05.382  6098  6291 D AudioDataExtractor$extractRawPcmData: Progress: 12650 bars, 131770ms processed
03-02 10:49:05.442  6098  6291 D AudioDataExtractor$extractRawPcmData: Progress: 12700 bars, 132291ms processed
03-02 10:49:05.485  6098  6295 D AudioDataExtractor$extractRawPcmData: Progress: 250 bars, 94013ms processed
03-02 10:49:05.516  6098  6291 D AudioDataExtractor$extractRawPcmData: Progress: 12750 bars, 132812ms processed
03-02 10:49:05.584  6098  6291 D AudioDataExtractor$extractRawPcmData: Progress: 12800 bars, 133333ms processed
03-02 10:49:05.661  6098  6291 D AudioDataExtractor$extractRawPcmData: Progress: 12850 bars, 133854ms processed
03-02 10:49:05.721  6098  6291 D AudioDataExtractor$extractRawPcmData: Progress: 12900 bars, 134375ms processed
03-02 10:49:05.779  6098  6291 D AudioDataExtractor$extractRawPcmData: Progress: 12950 bars, 134895ms processed
03-02 10:49:05.857  6098  6291 D AudioDataExtractor$extractRawPcmData: Progress: 13000 bars, 135416ms processed
03-02 10:49:05.927  6098  6291 D AudioDataExtractor$extractRawPcmData: Progress: 13050 bars, 135937ms processed
03-02 10:49:06.000  6098  6291 D AudioDataExtractor$extractRawPcmData: Progress: 13100 bars, 136458ms processed
03-02 10:49:06.063  6098  6291 D AudioDataExtractor$extractRawPcmData: Progress: 13150 bars, 136979ms processed
03-02 10:49:06.137  6098  6291 D AudioDataExtractor$extractRawPcmData: Progress: 13200 bars, 137500ms processed
03-02 10:49:06.211  6098  6291 D AudioDataExtractor$extractRawPcmData: Progress: 13250 bars, 138020ms processed
03-02 10:49:06.270  6098  6291 D AudioDataExtractor$extractRawPcmData: Progress: 13300 bars, 138541ms processed
03-02 10:49:06.340  6098  6291 D AudioDataExtractor$extractRawPcmData: Progress: 13350 bars, 139062ms processed
03-02 10:49:06.417  6098  6291 D AudioDataExtractor$extractRawPcmData: Progress: 13400 bars, 139583ms processed
03-02 10:49:06.493  6098  6291 D AudioDataExtractor$extractRawPcmData: Progress: 13450 bars, 140104ms processed
03-02 10:49:06.562  6098  6291 D AudioDataExtractor$extractRawPcmData: Progress: 13500 bars, 140625ms processed
03-02 10:49:06.625  6098  6291 D AudioDataExtractor$extractRawPcmData: Progress: 13550 bars, 141145ms processed
03-02 10:49:06.688  6098  6291 D AudioDataExtractor$extractRawPcmData: Progress: 13600 bars, 141666ms processed
03-02 10:49:06.759  6098  6291 D AudioDataExtractor$extractRawPcmData: Progress: 13650 bars, 142187ms processed
03-02 10:49:06.826  6098  6291 D AudioDataExtractor$extractRawPcmData: Progress: 13700 bars, 142708ms processed
03-02 10:49:06.893  6098  6291 D AudioDataExtractor$extractRawPcmData: Progress: 13750 bars, 143229ms processed
03-02 10:49:06.976  6098  6291 D AudioDataExtractor$extractRawPcmData: Progress: 13800 bars, 143750ms processed
03-02 10:49:07.019  6098  6293 D AudioDataExtractor$extractRawPcmData: Progress: 200 bars, 150420ms processed
03-02 10:49:07.044  6098  6291 D AudioDataExtractor$extractRawPcmData: Progress: 13850 bars, 144270ms processed
03-02 10:49:07.121  6098  6291 D AudioDataExtractor$extractRawPcmData: Progress: 13900 bars, 144791ms processed
03-02 10:49:07.192  6098  6291 D AudioDataExtractor$extractRawPcmData: Progress: 13950 bars, 145312ms processed
03-02 10:49:07.268  6098  6291 D AudioDataExtractor$extractRawPcmData: Progress: 14000 bars, 145833ms processed
03-02 10:49:07.340  6098  6291 D AudioDataExtractor$extractRawPcmData: Progress: 14050 bars, 146354ms processed
03-02 10:49:07.414  6098  6291 D AudioDataExtractor$extractRawPcmData: Progress: 14100 bars, 146875ms processed
03-02 10:49:07.482  6098  6291 D AudioDataExtractor$extractRawPcmData: Progress: 14150 bars, 147395ms processed
03-02 10:49:07.546  6098  6291 D AudioDataExtractor$extractRawPcmData: Progress: 14200 bars, 147916ms processed
03-02 10:49:07.603  6098  6304 D AudioDataExtractor$extractRawPcmData: Progress: 200 bars, 150420ms processed
03-02 10:49:07.611  6098  6291 D AudioDataExtractor$extractRawPcmData: Progress: 14250 bars, 148437ms processed
03-02 10:49:07.691  6098  6291 D AudioDataExtractor$extractRawPcmData: Progress: 14300 bars, 148958ms processed
03-02 10:49:07.745  6098  6291 D AudioDataExtractor$extractRawPcmData: Progress: 14350 bars, 149479ms processed
03-02 10:49:07.821  6098  6291 D AudioDataExtractor$extractRawPcmData: Progress: 14400 bars, 150000ms processed
03-02 10:49:07.900  6098  6291 D AudioDataExtractor$extractRawPcmData: Progress: 14450 bars, 150520ms processed
03-02 10:49:07.955  6098  6291 D AudioDataExtractor$extractRawPcmData: Progress: 14500 bars, 151041ms processed
03-02 10:49:07.956  6098  6295 D AudioDataExtractor$extractRawPcmData: Progress: 300 bars, 112815ms processed
03-02 10:49:08.023  6098  6291 D AudioDataExtractor$extractRawPcmData: Progress: 14550 bars, 151562ms processed
03-02 10:49:08.084  6098  6291 D AudioDataExtractor$extractRawPcmData: Progress: 14600 bars, 152083ms processed
03-02 10:49:08.146  6098  6291 D AudioDataExtractor$extractRawPcmData: Progress: 14650 bars, 152604ms processed
03-02 10:49:08.225  6098  6291 D AudioDataExtractor$extractRawPcmData: Progress: 14700 bars, 153125ms processed
03-02 10:49:08.293  6098  6291 D AudioDataExtractor$extractRawPcmData: Progress: 14750 bars, 153645ms processed
03-02 10:49:08.361  6098  6291 D AudioDataExtractor$extractRawPcmData: Progress: 14800 bars, 154166ms processed
03-02 10:49:08.431  6098  6291 D AudioDataExtractor$extractRawPcmData: Progress: 14850 bars, 154687ms processed
03-02 10:49:08.497  6098  6291 D AudioDataExtractor$extractRawPcmData: Progress: 14900 bars, 155208ms processed
03-02 10:49:08.580  6098  6291 D AudioDataExtractor$extractRawPcmData: Progress: 14950 bars, 155729ms processed
03-02 10:49:08.641  6098  6291 D AudioDataExtractor$extractRawPcmData: Progress: 15000 bars, 156250ms processed
03-02 10:49:08.698  6098  6291 D AudioDataExtractor$extractRawPcmData: Progress: 15050 bars, 156770ms processed
03-02 10:49:08.782  6098  6291 D AudioDataExtractor$extractRawPcmData: Progress: 15100 bars, 157291ms processed
03-02 10:49:08.842  6098  6291 D AudioDataExtractor$extractRawPcmData: Progress: 15150 bars, 157812ms processed
03-02 10:49:08.925  6098  6291 D AudioDataExtractor$extractRawPcmData: Progress: 15200 bars, 158333ms processed
03-02 10:49:08.993  6098  6291 D AudioDataExtractor$extractRawPcmData: Progress: 15250 bars, 158854ms processed
03-02 10:49:09.059  6098  6291 D AudioDataExtractor$extractRawPcmData: Progress: 15300 bars, 159375ms processed
03-02 10:49:09.138  6098  6291 D AudioDataExtractor$extractRawPcmData: Progress: 15350 bars, 159895ms processed
03-02 10:49:09.204  6098  6291 D AudioDataExtractor$extractRawPcmData: Progress: 15400 bars, 160416ms processed
03-02 10:49:09.275  6098  6291 D AudioDataExtractor$extractRawPcmData: Progress: 15450 bars, 160937ms processed
03-02 10:49:09.347  6098  6291 D AudioDataExtractor$extractRawPcmData: Progress: 15500 bars, 161458ms processed
03-02 10:49:09.417  6098  6291 D AudioDataExtractor$extractRawPcmData: Progress: 15550 bars, 161979ms processed
03-02 10:49:09.488  6098  6291 D AudioDataExtractor$extractRawPcmData: Progress: 15600 bars, 162500ms processed
03-02 10:49:09.560  6098  6291 D AudioDataExtractor$extractRawPcmData: Progress: 15650 bars, 163020ms processed
03-02 10:49:09.626  6098  6291 D AudioDataExtractor$extractRawPcmData: Progress: 15700 bars, 163541ms processed
03-02 10:49:09.713  6098  6291 D AudioDataExtractor$extractRawPcmData: Progress: 15750 bars, 164062ms processed
03-02 10:49:09.776  6098  6291 D AudioDataExtractor$extractRawPcmData: Progress: 15800 bars, 164583ms processed
03-02 10:49:09.856  6098  6291 D AudioDataExtractor$extractRawPcmData: Progress: 15850 bars, 165104ms processed
03-02 10:49:09.941  6098  6291 D AudioDataExtractor$extractRawPcmData: Progress: 15900 bars, 165625ms processed
03-02 10:49:10.003  6098  6291 D AudioDataExtractor$extractRawPcmData: Progress: 15950 bars, 166145ms processed
03-02 10:49:10.075  6098  6291 D AudioDataExtractor$extractRawPcmData: Progress: 16000 bars, 166666ms processed
03-02 10:49:10.139  6098  6291 D AudioDataExtractor$extractRawPcmData: Progress: 16050 bars, 167187ms processed
03-02 10:49:10.209  6098  6291 D AudioDataExtractor$extractRawPcmData: Progress: 16100 bars, 167708ms processed
03-02 10:49:10.288  6098  6291 D AudioDataExtractor$extractRawPcmData: Progress: 16150 bars, 168229ms processed
03-02 10:49:10.352  6098  6291 D AudioDataExtractor$extractRawPcmData: Progress: 16200 bars, 168750ms processed
03-02 10:49:10.420  6098  6295 D AudioDataExtractor$extractRawPcmData: Progress: 350 bars, 131618ms processed
03-02 10:49:10.426  6098  6291 D AudioDataExtractor$extractRawPcmData: Progress: 16250 bars, 169270ms processed
03-02 10:49:10.494  6098  6291 D AudioDataExtractor$extractRawPcmData: Progress: 16300 bars, 169791ms processed
03-02 10:49:10.561  6098  6291 D AudioDataExtractor$extractRawPcmData: Progress: 16350 bars, 170312ms processed
03-02 10:49:10.630  6098  6291 D AudioDataExtractor$extractRawPcmData: Progress: 16400 bars, 170833ms processed
03-02 10:49:10.699  6098  6291 D AudioDataExtractor$extractRawPcmData: Progress: 16450 bars, 171354ms processed
03-02 10:49:10.791  6098  6291 D AudioDataExtractor$extractRawPcmData: Progress: 16500 bars, 171875ms processed
03-02 10:49:10.902  6098  6291 D AudioDataExtractor$extractRawPcmData: Progress: 16550 bars, 172395ms processed
03-02 10:49:10.962  6098  6291 D AudioDataExtractor$extractRawPcmData: Progress: 16600 bars, 172916ms processed
03-02 10:49:11.038  6098  6291 D AudioDataExtractor$extractRawPcmData: Progress: 16650 bars, 173437ms processed
03-02 10:49:11.103  6098  6291 D AudioDataExtractor$extractRawPcmData: Progress: 16700 bars, 173958ms processed
03-02 10:49:11.167  6098  6291 D AudioDataExtractor$extractRawPcmData: Progress: 16750 bars, 174479ms processed
03-02 10:49:11.245  6098  6291 D AudioDataExtractor$extractRawPcmData: Progress: 16800 bars, 175000ms processed
03-02 10:49:11.313  6098  6291 D AudioDataExtractor$extractRawPcmData: Progress: 16850 bars, 175520ms processed
03-02 10:49:11.374  6098  6291 D AudioDataExtractor$extractRawPcmData: Progress: 16900 bars, 176041ms processed
03-02 10:49:11.453  6098  6291 D AudioDataExtractor$extractRawPcmData: Progress: 16950 bars, 176562ms processed
03-02 10:49:11.515  6098  6291 D AudioDataExtractor$extractRawPcmData: Progress: 17000 bars, 177083ms processed
03-02 10:49:11.592  6098  6291 D AudioDataExtractor$extractRawPcmData: Progress: 17050 bars, 177604ms processed
03-02 10:49:11.648  6098  6291 D AudioDataExtractor$extractRawPcmData: Progress: 17100 bars, 178125ms processed
03-02 10:49:11.714  6098  6291 D AudioDataExtractor$extractRawPcmData: Progress: 17150 bars, 178645ms processed
03-02 10:49:11.793  6098  6291 D AudioDataExtractor$extractRawPcmData: Progress: 17200 bars, 179166ms processed
03-02 10:49:11.868  6098  6291 D AudioDataExtractor$extractRawPcmData: Progress: 17250 bars, 179687ms processed
03-02 10:49:11.953  6098  6291 D AudioDataExtractor$extractRawPcmData: Progress: 17300 bars, 180208ms processed
03-02 10:49:12.013  6098  6291 D AudioDataExtractor$extractRawPcmData: Progress: 17350 bars, 180729ms processed
03-02 10:49:12.036  6098  6293 D AudioDataExtractor$extractRawPcmData: Progress: 250 bars, 188026ms processed
03-02 10:49:12.076  6098  6291 D AudioDataExtractor$extractRawPcmData: Progress: 17400 bars, 181250ms processed
03-02 10:49:12.145  6098  6291 D AudioDataExtractor$extractRawPcmData: Progress: 17450 bars, 181770ms processed
03-02 10:49:12.207  6098  6291 D AudioDataExtractor$extractRawPcmData: Progress: 17500 bars, 182291ms processed
03-02 10:49:12.274  6098  6291 D AudioDataExtractor$extractRawPcmData: Progress: 17550 bars, 182812ms processed
03-02 10:49:12.341  6098  6291 D AudioDataExtractor$extractRawPcmData: Progress: 17600 bars, 183333ms processed
03-02 10:49:12.409  6098  6291 D AudioDataExtractor$extractRawPcmData: Progress: 17650 bars, 183854ms processed
03-02 10:49:12.482  6098  6291 D AudioDataExtractor$extractRawPcmData: Progress: 17700 bars, 184375ms processed
03-02 10:49:12.543  6098  6291 D AudioDataExtractor$extractRawPcmData: Progress: 17750 bars, 184895ms processed
03-02 10:49:12.562  6098  6304 D AudioDataExtractor$extractRawPcmData: Progress: 250 bars, 188026ms processed
03-02 10:49:12.608  6098  6291 D AudioDataExtractor$extractRawPcmData: Progress: 17800 bars, 185416ms processed
03-02 10:49:12.683  6098  6291 D AudioDataExtractor$extractRawPcmData: Progress: 17850 bars, 185937ms processed
03-02 10:49:12.753  6098  6291 D AudioDataExtractor$extractRawPcmData: Progress: 17900 bars, 186458ms processed
03-02 10:49:12.835  6098  6291 D AudioDataExtractor$extractRawPcmData: Progress: 17950 bars, 186979ms processed
03-02 10:49:12.897  6098  6291 D AudioDataExtractor$extractRawPcmData: Progress: 18000 bars, 187500ms processed
03-02 10:49:12.959  6098  6291 D AudioDataExtractor$extractRawPcmData: Progress: 18050 bars, 188020ms processed
03-02 10:49:12.989  6098  6295 D AudioDataExtractor$extractRawPcmData: Progress: 400 bars, 150420ms processed
03-02 10:49:13.031  6098  6291 D AudioDataExtractor$extractRawPcmData: Progress: 18100 bars, 188541ms processed
03-02 10:49:13.099  6098  6291 D AudioDataExtractor$extractRawPcmData: Progress: 18150 bars, 189062ms processed
03-02 10:49:13.167  6098  6291 D AudioDataExtractor$extractRawPcmData: Progress: 18200 bars, 189583ms processed
03-02 10:49:13.251  6098  6291 D AudioDataExtractor$extractRawPcmData: Progress: 18250 bars, 190104ms processed
03-02 10:49:13.311  6098  6291 D AudioDataExtractor$extractRawPcmData: Progress: 18300 bars, 190625ms processed
03-02 10:49:13.388  6098  6291 D AudioDataExtractor$extractRawPcmData: Progress: 18350 bars, 191145ms processed
03-02 10:49:13.457  6098  6291 D AudioDataExtractor$extractRawPcmData: Progress: 18400 bars, 191666ms processed
03-02 10:49:13.514  6098  6291 D AudioDataExtractor$extractRawPcmData: Progress: 18450 bars, 192187ms processed
03-02 10:49:13.587  6098  6291 D AudioDataExtractor$extractRawPcmData: Progress: 18500 bars, 192708ms processed
03-02 10:49:13.642  6098  6291 D AudioDataExtractor$extractRawPcmData: Progress: 18550 bars, 193229ms processed
03-02 10:49:13.707  6098  6291 D AudioDataExtractor$extractRawPcmData: Progress: 18600 bars, 193750ms processed
03-02 10:49:13.782  6098  6291 D AudioDataExtractor$extractRawPcmData: Progress: 18650 bars, 194270ms processed
03-02 10:49:13.846  6098  6291 D AudioDataExtractor$extractRawPcmData: Progress: 18700 bars, 194791ms processed
03-02 10:49:13.919  6098  6291 D AudioDataExtractor$extractRawPcmData: Progress: 18750 bars, 195312ms processed
03-02 10:49:13.995  6098  6291 D AudioDataExtractor$extractRawPcmData: Progress: 18800 bars, 195833ms processed
03-02 10:49:14.059  6098  6291 D AudioDataExtractor$extractRawPcmData: Progress: 18850 bars, 196354ms processed
03-02 10:49:14.126  6098  6291 D AudioDataExtractor$extractRawPcmData: Progress: 18900 bars, 196875ms processed
03-02 10:49:14.192  6098  6291 D AudioDataExtractor$extractRawPcmData: Progress: 18950 bars, 197395ms processed
03-02 10:49:14.264  6098  6291 D AudioDataExtractor$extractRawPcmData: Progress: 19000 bars, 197916ms processed
03-02 10:49:14.331  6098  6291 D AudioDataExtractor$extractRawPcmData: Progress: 19050 bars, 198437ms processed
03-02 10:49:14.396  6098  6291 D AudioDataExtractor$extractRawPcmData: Progress: 19100 bars, 198958ms processed
03-02 10:49:14.467  6098  6291 D AudioDataExtractor$extractRawPcmData: Progress: 19150 bars, 199479ms processed
03-02 10:49:14.535  6098  6291 D AudioDataExtractor$extractRawPcmData: Progress: 19200 bars, 200000ms processed
03-02 10:49:14.611  6098  6291 D AudioDataExtractor$extractRawPcmData: Progress: 19250 bars, 200520ms processed
03-02 10:49:14.700  6098  6291 D AudioDataExtractor$extractRawPcmData: Progress: 19300 bars, 201041ms processed
03-02 10:49:14.771  6098  6291 D AudioDataExtractor$extractRawPcmData: Progress: 19350 bars, 201562ms processed
03-02 10:49:14.841  6098  6291 D AudioDataExtractor$extractRawPcmData: Progress: 19400 bars, 202083ms processed
03-02 10:49:14.914  6098  6291 D AudioDataExtractor$extractRawPcmData: Progress: 19450 bars, 202604ms processed
03-02 10:49:14.979  6098  6291 D AudioDataExtractor$extractRawPcmData: Progress: 19500 bars, 203125ms processed
03-02 10:49:15.062  6098  6291 D AudioDataExtractor$extractRawPcmData: Progress: 19550 bars, 203645ms processed
03-02 10:49:15.128  6098  6291 D AudioDataExtractor$extractRawPcmData: Progress: 19600 bars, 204166ms processed
03-02 10:49:15.196  6098  6291 D AudioDataExtractor$extractRawPcmData: Progress: 19650 bars, 204687ms processed
03-02 10:49:15.270  6098  6291 D AudioDataExtractor$extractRawPcmData: Progress: 19700 bars, 205208ms processed
03-02 10:49:15.335  6098  6291 D AudioDataExtractor$extractRawPcmData: Progress: 19750 bars, 205729ms processed
03-02 10:49:15.410  6098  6291 D AudioDataExtractor$extractRawPcmData: Progress: 19800 bars, 206250ms processed
03-02 10:49:15.483  6098  6295 D AudioDataExtractor$extractRawPcmData: Progress: 450 bars, 169223ms processed
03-02 10:49:15.486  6098  6291 D AudioDataExtractor$extractRawPcmData: Progress: 19850 bars, 206770ms processed
03-02 10:49:15.550  6098  6291 D AudioDataExtractor$extractRawPcmData: Progress: 19900 bars, 207291ms processed
03-02 10:49:15.626  6098  6291 D AudioDataExtractor$extractRawPcmData: Progress: 19950 bars, 207812ms processed
03-02 10:49:15.701  6098  6291 D AudioDataExtractor$extractRawPcmData: Progress: 20000 bars, 208333ms processed
03-02 10:49:15.770  6098  6291 D AudioDataExtractor$extractRawPcmData: Progress: 20050 bars, 208854ms processed
03-02 10:49:15.832  6098  6291 D AudioDataExtractor$extractRawPcmData: Progress: 20100 bars, 209375ms processed
03-02 10:49:15.895  6098  6291 D AudioDataExtractor$extractRawPcmData: Progress: 20150 bars, 209895ms processed
03-02 10:49:15.969  6098  6291 D AudioDataExtractor$extractRawPcmData: Progress: 20200 bars, 210416ms processed
03-02 10:49:16.033  6098  6291 D AudioDataExtractor$extractRawPcmData: Progress: 20250 bars, 210937ms processed
03-02 10:49:16.110  6098  6291 D AudioDataExtractor$extractRawPcmData: Progress: 20300 bars, 211458ms processed
03-02 10:49:16.198  6098  6291 D AudioDataExtractor$extractRawPcmData: Progress: 20350 bars, 211979ms processed
03-02 10:49:16.271  6098  6291 D AudioDataExtractor$extractRawPcmData: Progress: 20400 bars, 212500ms processed
03-02 10:49:16.361  6098  6291 D AudioDataExtractor$extractRawPcmData: Progress: 20450 bars, 213020ms processed
03-02 10:49:16.422  6098  6291 D AudioDataExtractor$extractRawPcmData: Progress: 20500 bars, 213541ms processed
03-02 10:49:16.501  6098  6291 D AudioDataExtractor$extractRawPcmData: Progress: 20550 bars, 214062ms processed
03-02 10:49:16.569  6098  6291 D AudioDataExtractor$extractRawPcmData: Progress: 20600 bars, 214583ms processed
03-02 10:49:16.632  6098  6291 D AudioDataExtractor$extractRawPcmData: Progress: 20650 bars, 215104ms processed
03-02 10:49:16.704  6098  6291 D AudioDataExtractor$extractRawPcmData: Progress: 20700 bars, 215625ms processed
03-02 10:49:16.784  6098  6291 D AudioDataExtractor$extractRawPcmData: Progress: 20750 bars, 216145ms processed
03-02 10:49:16.849  6098  6291 D AudioDataExtractor$extractRawPcmData: Progress: 20800 bars, 216666ms processed
03-02 10:49:16.927  6098  6291 D AudioDataExtractor$extractRawPcmData: Progress: 20850 bars, 217187ms processed
03-02 10:49:17.007  6098  6291 D AudioDataExtractor$extractRawPcmData: Progress: 20900 bars, 217708ms processed
03-02 10:49:17.070  6098  6291 D AudioDataExtractor$extractRawPcmData: Progress: 20950 bars, 218229ms processed
03-02 10:49:17.085  6098  6293 D AudioDataExtractor$extractRawPcmData: Progress: 300 bars, 225631ms processed
03-02 10:49:17.146  6098  6291 D AudioDataExtractor$extractRawPcmData: Progress: 21000 bars, 218750ms processed
03-02 10:49:17.214  6098  6291 D AudioDataExtractor$extractRawPcmData: Progress: 21050 bars, 219270ms processed
03-02 10:49:17.292  6098  6291 D AudioDataExtractor$extractRawPcmData: Progress: 21100 bars, 219791ms processed
03-02 10:49:17.365  6098  6291 D AudioDataExtractor$extractRawPcmData: Progress: 21150 bars, 220312ms processed
03-02 10:49:17.424  6098  6291 D AudioDataExtractor$extractRawPcmData: Progress: 21200 bars, 220833ms processed
03-02 10:49:17.457  6098  6304 D AudioDataExtractor$extractRawPcmData: Progress: 300 bars, 225631ms processed
03-02 10:49:17.502  6098  6291 D AudioDataExtractor$extractRawPcmData: Progress: 21250 bars, 221354ms processed
03-02 10:49:17.573  6098  6291 D AudioDataExtractor$extractRawPcmData: Progress: 21300 bars, 221875ms processed
03-02 10:49:17.635  6098  6291 D AudioDataExtractor$extractRawPcmData: Progress: 21350 bars, 222395ms processed
03-02 10:49:17.707  6098  6291 D AudioDataExtractor$extractRawPcmData: Progress: 21400 bars, 222916ms processed
03-02 10:49:17.774  6098  6291 D AudioDataExtractor$extractRawPcmData: Progress: 21450 bars, 223437ms processed
03-02 10:49:17.852  6098  6291 D AudioDataExtractor$extractRawPcmData: Progress: 21500 bars, 223958ms processed
03-02 10:49:17.915  6098  6291 D AudioDataExtractor$extractRawPcmData: Progress: 21550 bars, 224479ms processed
03-02 10:49:17.955  6098  6295 D AudioDataExtractor$extractRawPcmData: Progress: 500 bars, 188026ms processed
03-02 10:49:17.981  6098  6291 D AudioDataExtractor$extractRawPcmData: Progress: 21600 bars, 225000ms processed
03-02 10:49:18.051  6098  6291 D AudioDataExtractor$extractRawPcmData: Progress: 21650 bars, 225520ms processed
03-02 10:49:18.107  6098  6291 D AudioDataExtractor$extractRawPcmData: Progress: 21700 bars, 226041ms processed
03-02 10:49:18.178  6098  6291 D AudioDataExtractor$extractRawPcmData: Progress: 21750 bars, 226562ms processed
03-02 10:49:18.242  6098  6291 D AudioDataExtractor$extractRawPcmData: Progress: 21800 bars, 227083ms processed
03-02 10:49:18.306  6098  6291 D AudioDataExtractor$extractRawPcmData: Progress: 21850 bars, 227604ms processed
03-02 10:49:18.384  6098  6291 D AudioDataExtractor$extractRawPcmData: Progress: 21900 bars, 228125ms processed
03-02 10:49:18.444  6098  6291 D AudioDataExtractor$extractRawPcmData: Progress: 21950 bars, 228645ms processed
03-02 10:49:18.512  6098  6291 D AudioDataExtractor$extractRawPcmData: Progress: 22000 bars, 229166ms processed
03-02 10:49:18.594  6098  6291 D AudioDataExtractor$extractRawPcmData: Progress: 22050 bars, 229687ms processed
03-02 10:49:18.659  6098  6291 D AudioDataExtractor$extractRawPcmData: Progress: 22100 bars, 230208ms processed
03-02 10:49:18.732  6098  6291 D AudioDataExtractor$extractRawPcmData: Progress: 22150 bars, 230729ms processed
03-02 10:49:18.793  6098  6291 D AudioDataExtractor$extractRawPcmData: Progress: 22200 bars, 231250ms processed
03-02 10:49:18.848  6098  6291 D AudioDataExtractor$extractRawPcmData: Progress: 22250 bars, 231770ms processed
03-02 10:49:18.920  6098  6291 D AudioDataExtractor$extractRawPcmData: Progress: 22300 bars, 232291ms processed
03-02 10:49:18.984  6098  6291 D AudioDataExtractor$extractRawPcmData: Progress: 22350 bars, 232812ms processed
03-02 10:49:19.051  6098  6291 D AudioDataExtractor$extractRawPcmData: Progress: 22400 bars, 233333ms processed
03-02 10:49:19.139  6098  6291 D AudioDataExtractor$extractRawPcmData: Progress: 22450 bars, 233854ms processed
03-02 10:49:19.208  6098  6291 D AudioDataExtractor$extractRawPcmData: Progress: 22500 bars, 234375ms processed
03-02 10:49:19.282  6098  6291 D AudioDataExtractor$extractRawPcmData: Progress: 22550 bars, 234895ms processed
03-02 10:49:19.347  6098  6291 D AudioDataExtractor$extractRawPcmData: Progress: 22600 bars, 235416ms processed
03-02 10:49:19.407  6098  6291 D AudioDataExtractor$extractRawPcmData: Progress: 22650 bars, 235937ms processed
03-02 10:49:19.481  6098  6291 D AudioDataExtractor$extractRawPcmData: Progress: 22700 bars, 236458ms processed
03-02 10:49:19.545  6098  6291 D AudioDataExtractor$extractRawPcmData: Progress: 22750 bars, 236979ms processed
03-02 10:49:19.615  6098  6291 D AudioDataExtractor$extractRawPcmData: Progress: 22800 bars, 237500ms processed
03-02 10:49:19.681  6098  6291 D AudioDataExtractor$extractRawPcmData: Progress: 22850 bars, 238020ms processed
03-02 10:49:19.746  6098  6291 D AudioDataExtractor$extractRawPcmData: Progress: 22900 bars, 238541ms processed
03-02 10:49:19.828  6098  6291 D AudioDataExtractor$extractRawPcmData: Progress: 22950 bars, 239062ms processed
03-02 10:49:19.890  6098  6291 D AudioDataExtractor$extractRawPcmData: Progress: 23000 bars, 239583ms processed
03-02 10:49:19.957  6098  6291 D AudioDataExtractor$extractRawPcmData: Progress: 23050 bars, 240104ms processed
03-02 10:49:20.039  6098  6291 D AudioDataExtractor$extractRawPcmData: Progress: 23100 bars, 240625ms processed
03-02 10:49:20.102  6098  6291 D AudioDataExtractor$extractRawPcmData: Progress: 23150 bars, 241145ms processed
03-02 10:49:20.170  6098  6291 D AudioDataExtractor$extractRawPcmData: Progress: 23200 bars, 241666ms processed
03-02 10:49:20.231  6098  6291 D AudioDataExtractor$extractRawPcmData: Progress: 23250 bars, 242187ms processed
03-02 10:49:20.297  6098  6291 D AudioDataExtractor$extractRawPcmData: Progress: 23300 bars, 242708ms processed
03-02 10:49:20.376  6098  6291 D AudioDataExtractor$extractRawPcmData: Progress: 23350 bars, 243229ms processed
03-02 10:49:20.444  6098  6291 D AudioDataExtractor$extractRawPcmData: Progress: 23400 bars, 243750ms processed
03-02 10:49:20.450  6098  6295 D AudioDataExtractor$extractRawPcmData: Progress: 550 bars, 206828ms processed
03-02 10:49:20.516  6098  6291 D AudioDataExtractor$extractRawPcmData: Progress: 23450 bars, 244270ms processed
03-02 10:49:20.591  6098  6291 D AudioDataExtractor$extractRawPcmData: Progress: 23500 bars, 244791ms processed
03-02 10:49:20.651  6098  6291 D AudioDataExtractor$extractRawPcmData: Progress: 23550 bars, 245312ms processed
03-02 10:49:20.726  6098  6291 D AudioDataExtractor$extractRawPcmData: Progress: 23600 bars, 245833ms processed
03-02 10:49:20.789  6098  6291 D AudioDataExtractor$extractRawPcmData: Progress: 23650 bars, 246354ms processed
03-02 10:49:20.850  6098  6291 D AudioDataExtractor$extractRawPcmData: Progress: 23700 bars, 246875ms processed
03-02 10:49:20.930  6098  6291 D AudioDataExtractor$extractRawPcmData: Progress: 23750 bars, 247395ms processed
03-02 10:49:21.007  6098  6291 D AudioDataExtractor$extractRawPcmData: Progress: 23800 bars, 247916ms processed
03-02 10:49:21.071  6098  6291 D AudioDataExtractor$extractRawPcmData: Progress: 23850 bars, 248437ms processed
03-02 10:49:21.132  6098  6291 D AudioDataExtractor$extractRawPcmData: Progress: 23900 bars, 248958ms processed
03-02 10:49:21.194  6098  6291 D AudioDataExtractor$extractRawPcmData: Progress: 23950 bars, 249479ms processed
03-02 10:49:21.268  6098  6291 D AudioDataExtractor$extractRawPcmData: Progress: 24000 bars, 250000ms processed
03-02 10:49:21.336  6098  6291 D AudioDataExtractor$extractRawPcmData: Progress: 24050 bars, 250520ms processed
03-02 10:49:21.404  6098  6291 D AudioDataExtractor$extractRawPcmData: Progress: 24100 bars, 251041ms processed
03-02 10:49:21.475  6098  6291 D AudioDataExtractor$extractRawPcmData: Progress: 24150 bars, 251562ms processed
03-02 10:49:21.543  6098  6291 D AudioDataExtractor$extractRawPcmData: Progress: 24200 bars, 252083ms processed
03-02 10:49:21.615  6098  6291 D AudioDataExtractor$extractRawPcmData: Progress: 24250 bars, 252604ms processed
03-02 10:49:21.678  6098  6291 D AudioDataExtractor$extractRawPcmData: Progress: 24300 bars, 253125ms processed
03-02 10:49:21.742  6098  6291 D AudioDataExtractor$extractRawPcmData: Progress: 24350 bars, 253645ms processed
03-02 10:49:21.821  6098  6291 D AudioDataExtractor$extractRawPcmData: Progress: 24400 bars, 254166ms processed
03-02 10:49:21.889  6098  6291 D AudioDataExtractor$extractRawPcmData: Progress: 24450 bars, 254687ms processed
03-02 10:49:21.946  6098  6291 D AudioDataExtractor$extractRawPcmData: Progress: 24500 bars, 255208ms processed
03-02 10:49:22.029  6098  6291 D AudioDataExtractor$extractRawPcmData: Progress: 24550 bars, 255729ms processed
03-02 10:49:22.086  6098  6291 D AudioDataExtractor$extractRawPcmData: Progress: 24600 bars, 256250ms processed
03-02 10:49:22.133  6098  6293 D AudioDataExtractor$extractRawPcmData: Progress: 350 bars, 263236ms processed
03-02 10:49:22.178  6098  6291 D AudioDataExtractor$extractRawPcmData: Progress: 24650 bars, 256770ms processed
03-02 10:49:22.249  6098  6291 D AudioDataExtractor$extractRawPcmData: Progress: 24700 bars, 257291ms processed
03-02 10:49:22.313  6098  6291 D AudioDataExtractor$extractRawPcmData: Progress: 24750 bars, 257812ms processed
03-02 10:49:22.323  6098  6304 D AudioDataExtractor$extractRawPcmData: Progress: 350 bars, 263236ms processed
03-02 10:49:22.379  6098  6291 D AudioDataExtractor$extractRawPcmData: Progress: 24800 bars, 258333ms processed
03-02 10:49:22.445  6098  6291 D AudioDataExtractor$extractRawPcmData: Progress: 24850 bars, 258854ms processed
03-02 10:49:22.521  6098  6291 D AudioDataExtractor$extractRawPcmData: Progress: 24900 bars, 259375ms processed
03-02 10:49:22.579  6098  6291 D AudioDataExtractor$extractRawPcmData: Progress: 24950 bars, 259895ms processed
03-02 10:49:22.642  6098  6291 D AudioDataExtractor$extractRawPcmData: Progress: 25000 bars, 260416ms processed
03-02 10:49:22.723  6098  6291 D AudioDataExtractor$extractRawPcmData: Progress: 25050 bars, 260937ms processed
03-02 10:49:22.783  6098  6291 D AudioDataExtractor$extractRawPcmData: Progress: 25100 bars, 261458ms processed
03-02 10:49:22.844  6098  6291 D AudioDataExtractor$extractRawPcmData: Progress: 25150 bars, 261979ms processed
03-02 10:49:22.911  6098  6291 D AudioDataExtractor$extractRawPcmData: Progress: 25200 bars, 262500ms processed
03-02 10:49:22.945  6098  6295 D AudioDataExtractor$extractRawPcmData: Progress: 600 bars, 225631ms processed
03-02 10:49:22.980  6098  6291 D AudioDataExtractor$extractRawPcmData: Progress: 25250 bars, 263020ms processed
03-02 10:49:23.064  6098  6291 D AudioDataExtractor$extractRawPcmData: Progress: 25300 bars, 263541ms processed
03-02 10:49:23.125  6098  6291 D AudioDataExtractor$extractRawPcmData: Progress: 25350 bars, 264062ms processed
03-02 10:49:23.199  6098  6291 D AudioDataExtractor$extractRawPcmData: Progress: 25400 bars, 264583ms processed
03-02 10:49:23.276  6098  6291 D AudioDataExtractor$extractRawPcmData: Progress: 25450 bars, 265104ms processed
03-02 10:49:23.336  6098  6291 D AudioDataExtractor$extractRawPcmData: Progress: 25500 bars, 265625ms processed
03-02 10:49:23.394  6098  6291 D AudioDataExtractor$extractRawPcmData: Progress: 25550 bars, 266145ms processed
03-02 10:49:23.475  6098  6291 D AudioDataExtractor$extractRawPcmData: Progress: 25600 bars, 266666ms processed
03-02 10:49:23.544  6098  6291 D AudioDataExtractor$extractRawPcmData: Progress: 25650 bars, 267187ms processed
03-02 10:49:23.625  6098  6291 D AudioDataExtractor$extractRawPcmData: Progress: 25700 bars, 267708ms processed
03-02 10:49:23.696  6098  6291 D AudioDataExtractor$extractRawPcmData: Progress: 25750 bars, 268229ms processed
03-02 10:49:23.762  6098  6291 D AudioDataExtractor$extractRawPcmData: Progress: 25800 bars, 268750ms processed
03-02 10:49:23.842  6098  6291 D AudioDataExtractor$extractRawPcmData: Progress: 25850 bars, 269270ms processed
03-02 10:49:23.904  6098  6291 D AudioDataExtractor$extractRawPcmData: Progress: 25900 bars, 269791ms processed
03-02 10:49:23.983  6098  6291 D AudioDataExtractor$extractRawPcmData: Progress: 25950 bars, 270312ms processed
03-02 10:49:24.046  6098  6291 D AudioDataExtractor$extractRawPcmData: Progress: 26000 bars, 270833ms processed
03-02 10:49:24.110  6098  6291 D AudioDataExtractor$extractRawPcmData: Progress: 26050 bars, 271354ms processed
03-02 10:49:24.204  6098  6291 D AudioDataExtractor$extractRawPcmData: Progress: 26100 bars, 271875ms processed
03-02 10:49:24.273  6098  6291 D AudioDataExtractor$extractRawPcmData: Progress: 26150 bars, 272395ms processed
03-02 10:49:24.332  6098  6291 D AudioDataExtractor$extractRawPcmData: Progress: 26200 bars, 272916ms processed
03-02 10:49:24.402  6098  6291 D AudioDataExtractor$extractRawPcmData: Progress: 26250 bars, 273437ms processed
03-02 10:49:24.465  6098  6291 D AudioDataExtractor$extractRawPcmData: Progress: 26300 bars, 273958ms processed
03-02 10:49:24.536  6098  6291 D AudioDataExtractor$extractRawPcmData: Progress: 26350 bars, 274479ms processed
03-02 10:49:24.599  6098  6291 D AudioDataExtractor$extractRawPcmData: Progress: 26400 bars, 275000ms processed
03-02 10:49:24.664  6098  6291 D AudioDataExtractor$extractRawPcmData: Progress: 26450 bars, 275520ms processed
03-02 10:49:24.739  6098  6291 D AudioDataExtractor$extractRawPcmData: Progress: 26500 bars, 276041ms processed
03-02 10:49:24.802  6098  6291 D AudioDataExtractor$extractRawPcmData: Progress: 26550 bars, 276562ms processed
03-02 10:49:24.879  6098  6291 D AudioDataExtractor$extractRawPcmData: Progress: 26600 bars, 277083ms processed
03-02 10:49:24.946  6098  6291 D AudioDataExtractor$extractRawPcmData: Progress: 26650 bars, 277604ms processed
03-02 10:49:25.016  6098  6291 D AudioDataExtractor$extractRawPcmData: Progress: 26700 bars, 278125ms processed
03-02 10:49:25.091  6098  6291 D AudioDataExtractor$extractRawPcmData: Progress: 26750 bars, 278645ms processed
03-02 10:49:25.154  6098  6291 D AudioDataExtractor$extractRawPcmData: Progress: 26800 bars, 279166ms processed
03-02 10:49:25.226  6098  6291 D AudioDataExtractor$extractRawPcmData: Progress: 26850 bars, 279687ms processed
03-02 10:49:25.304  6098  6291 D AudioDataExtractor$extractRawPcmData: Progress: 26900 bars, 280208ms processed
03-02 10:49:25.373  6098  6291 D AudioDataExtractor$extractRawPcmData: Progress: 26950 bars, 280729ms processed
03-02 10:49:25.419  6098  6295 D AudioDataExtractor$extractRawPcmData: Progress: 650 bars, 244433ms processed
03-02 10:49:25.462  6098  6291 D AudioDataExtractor$extractRawPcmData: Progress: 27000 bars, 281250ms processed
03-02 10:49:25.556  6098  6291 D AudioDataExtractor$extractRawPcmData: Progress: 27050 bars, 281770ms processed
03-02 10:49:25.623  6098  6291 D AudioDataExtractor$extractRawPcmData: Progress: 27100 bars, 282291ms processed
03-02 10:49:25.704  6098  6291 D AudioDataExtractor$extractRawPcmData: Progress: 27150 bars, 282812ms processed
03-02 10:49:25.767  6098  6291 D AudioDataExtractor$extractRawPcmData: Progress: 27200 bars, 283333ms processed
03-02 10:49:25.832  6098  6291 D AudioDataExtractor$extractRawPcmData: Progress: 27250 bars, 283854ms processed
03-02 10:49:25.915  6098  6291 D AudioDataExtractor$extractRawPcmData: Progress: 27300 bars, 284375ms processed
03-02 10:49:25.973  6098  6291 D AudioDataExtractor$extractRawPcmData: Progress: 27350 bars, 284895ms processed
03-02 10:49:26.056  6098  6291 D AudioDataExtractor$extractRawPcmData: Progress: 27400 bars, 285416ms processed
03-02 10:49:26.132  6098  6291 D AudioDataExtractor$extractRawPcmData: Progress: 27450 bars, 285937ms processed
03-02 10:49:26.193  6098  6291 D AudioDataExtractor$extractRawPcmData: Progress: 27500 bars, 286458ms processed
03-02 10:49:26.270  6098  6291 D AudioDataExtractor$extractRawPcmData: Progress: 27550 bars, 286979ms processed
03-02 10:49:26.336  6098  6291 D AudioDataExtractor$extractRawPcmData: Progress: 27600 bars, 287500ms processed
03-02 10:49:26.413  6098  6291 D AudioDataExtractor$extractRawPcmData: Progress: 27650 bars, 288020ms processed
03-02 10:49:26.483  6098  6291 D AudioDataExtractor$extractRawPcmData: Progress: 27700 bars, 288541ms processed
03-02 10:49:26.548  6098  6291 D AudioDataExtractor$extractRawPcmData: Progress: 27750 bars, 289062ms processed
03-02 10:49:26.622  6098  6291 D AudioDataExtractor$extractRawPcmData: Progress: 27800 bars, 289583ms processed
03-02 10:49:26.677  6098  6291 D AudioDataExtractor$extractRawPcmData: Progress: 27850 bars, 290104ms processed
03-02 10:49:26.735  6098  6291 D AudioDataExtractor$extractRawPcmData: Progress: 27900 bars, 290625ms processed
03-02 10:49:26.806  6098  6291 D AudioDataExtractor$extractRawPcmData: Progress: 27950 bars, 291145ms processed
03-02 10:49:26.870  6098  6291 D AudioDataExtractor$extractRawPcmData: Progress: 28000 bars, 291666ms processed
03-02 10:49:26.951  6098  6291 D AudioDataExtractor$extractRawPcmData: Progress: 28050 bars, 292187ms processed
03-02 10:49:27.018  6098  6291 D AudioDataExtractor$extractRawPcmData: Progress: 28100 bars, 292708ms processed
03-02 10:49:27.090  6098  6291 D AudioDataExtractor$extractRawPcmData: Progress: 28150 bars, 293229ms processed
03-02 10:49:27.169  6098  6291 D AudioDataExtractor$extractRawPcmData: Progress: 28200 bars, 293750ms processed
03-02 10:49:27.203  6098  6304 D AudioDataExtractor$extractRawPcmData: Progress: 400 bars, 300841ms processed
03-02 10:49:27.209  6098  6304 D AudioDataExtractor$extractRawPcmData: Extraction complete: 401 bars, 28880896 samples processed, 300842ms duration
03-02 10:49:27.235  6098  6291 D AudioDataExtractor$extractRawPcmData: Progress: 28250 bars, 294270ms processed
03-02 10:49:27.251  6098  6293 D AudioDataExtractor$extractRawPcmData: Progress: 400 bars, 300841ms processed
03-02 10:49:27.256  6098  6293 D AudioDataExtractor$extractRawPcmData: Extraction complete: 401 bars, 28880896 samples processed, 300842ms duration
03-02 10:49:27.276  6098  6304 D AudioDataExtractor$extractRawPcmData: Noise floor: 1.422882E-4, Dynamic threshold: 0.03
03-02 10:49:27.277  6098  6304 D AudioDataExtractor$extractRawPcmData: Voice segments: 198/401
03-02 10:49:27.277  6098  6304 D AudioDataExtractor$extractRawPcmData: Generated 401 bars. Duration: 300845ms
03-02 10:49:27.285  6098  6098 D TrimViewModel$startPreloadWithCacheManager: Step 10: Waveform extraído: 401 samples
03-02 10:49:27.286  6098  6098 D TrimViewModel$startPreloadWithCacheManager: Step 11: Waveform gerado: 401 barras
03-02 10:49:27.286  6098  6098 D TrimViewModel$startPreloadWithCacheManager: Step 12: Salvando dados no PreloadDataStore...
03-02 10:49:27.286  6098  6098 D TrimViewModel$startPreloadWithCacheManager: Step 13: PreloadDataStore atualizado: 0 strips
03-02 10:49:27.287  6098  6098 D TrimViewModel$startPreloadWithCacheManager: Step 14: Atualizando estado para Ready...
03-02 10:49:27.287  6098  6098 D TrimViewModel$startPreloadWithCacheManager: Step 15: === TRIM VIEW MODEL PRELOAD COMPLETED ===
03-02 10:49:27.305  6098  6293 D AudioDataExtractor$extractRawPcmData: Noise floor: 1.422882E-4, Dynamic threshold: 0.03
03-02 10:49:27.306  6098  6293 D AudioDataExtractor$extractRawPcmData: Voice segments: 