03-02 11:21:06.450  8543  8543 D ThumbnailCacheManager: Checking for far jobs from segment 3 (threshold: 5)
03-02 11:21:06.451  8543  8543 D ThumbnailCacheManager: Checking for far jobs from segment 3 (threshold: 10)
03-02 11:21:06.502  8543  8543 D ThumbnailCacheManager: Checking for far jobs from segment 3 (threshold: 5)
03-02 11:21:06.503  8543  8543 D ThumbnailCacheManager: Checking for far jobs from segment 3 (threshold: 10)
03-02 11:21:06.505  8543  8730 D ThumbnailCacheManager$cancelFarJobs: Cancelling 5 far jobs (distance > 5)
03-02 11:21:06.507  8543  8730 V ThumbnailCacheManager$cancelFarJobs: Cancelled far job: content://media/external/video/media/1000041099_9 (distance > 5)
03-02 11:21:06.508  8543  8730 V ThumbnailCacheManager$cancelFarJobs: Cancelled far job: content://media/external/video/media/1000041099_10 (distance > 5)
03-02 11:21:06.508  8543  8730 V ThumbnailCacheManager$cancelFarJobs: Cancelled far job: content://media/external/video/media/1000041099_11 (distance > 5)
03-02 11:21:06.512  8543  8730 V ThumbnailCacheManager$cancelFarJobs: Cancelled far job: content://media/external/video/media/1000041099_12 (distance > 5)
03-02 11:21:06.513  8543  8624 D ThumbnailCacheManager$loadStripWithTracking$job: Segment job cancelled: content://media/external/video/media/1000041099_12
03-02 11:21:06.513  8543  8730 V ThumbnailCacheManager$cancelFarJobs: Cancelled far job: content://media/external/video/media/1000041099_13 (distance > 5)
03-02 11:21:06.514  8543  8627 D ThumbnailCacheManager$loadStripWithTracking$job: Segment job cancelled: content://media/external/video/media/1000041099_13
03-02 11:21:06.951  8543  8543 D ThumbnailCacheManager: Checking for far jobs from segment 3 (threshold: 5)
03-02 11:21:06.952  8543  8543 D ThumbnailCacheManager: Checking for far jobs from segment 3 (threshold: 10)
03-02 11:21:06.952  8543  8730 D ThumbnailCacheManager$cancelFarJobs: Cancelling 1 far jobs (distance > 5)
03-02 11:21:06.955  8543  8730 V ThumbnailCacheManager$cancelFarJobs: Cancelled far job: content://media/external/video/media/1000041099_13 (distance > 5)
03-02 11:21:06.957  8543  8629 D ThumbnailCacheManager$loadStripWithTracking$job: Segment job cancelled: content://media/external/video/media/1000041099_13
03-02 11:21:06.989  8543  8543 D ThumbnailCacheManager: Checking for far jobs from segment 3 (threshold: 5)
03-02 11:21:06.989  8543  8543 D ThumbnailCacheManager: Checking for far jobs from segment 3 (threshold: 10)
03-02 11:21:06.990  8543  8624 D ThumbnailCacheManager$cancelFarJobs: Cancelling 3 far jobs (distance > 5)
03-02 11:21:06.991  8543  8624 V ThumbnailCacheManager$cancelFarJobs: Cancelled far job: content://media/external/video/media/1000041099_11 (distance > 5)
03-02 11:21:06.993  8543  8624 V ThumbnailCacheManager$cancelFarJobs: Cancelled far job: content://media/external/video/media/1000041099_12 (distance > 5)
03-02 11:21:06.994  8543  8624 V ThumbnailCacheManager$cancelFarJobs: Cancelled far job: content://media/external/video/media/1000041099_13 (distance > 5)
03-02 11:21:07.004  8543  8629 D ThumbnailCacheManager$loadStripWithTracking$job: Segment job cancelled: content://media/external/video/media/1000041099_13
03-02 11:21:07.040  8543  8624 D ThumbnailCacheManager$loadStripWithTracking$job: Segment job cancelled: content://media/external/video/media/1000041099_12
03-02 11:21:07.040  8543  8626 D ThumbnailCacheManager$loadStripWithTracking$job: Segment job cancelled: content://media/external/video/media/1000041099_11
03-02 11:21:07.044  8543  8543 D ThumbnailCacheManager: Checking for far jobs from segment 3 (threshold: 5)
03-02 11:21:07.044  8543  8543 D ThumbnailCacheManager: Checking for far jobs from segment 3 (threshold: 10)
03-02 11:21:07.094  8543  8543 D ThumbnailCacheManager: Checking for far jobs from segment 3 (threshold: 5)
03-02 11:21:07.094  8543  8543 D ThumbnailCacheManager: Checking for far jobs from segment 3 (threshold: 10)
03-02 11:21:07.143  8543  8543 D ThumbnailCacheManager: Checking for far jobs from segment 3 (threshold: 5)
03-02 11:21:07.144  8543  8543 D ThumbnailCacheManager: Checking for far jobs from segment 3 (threshold: 10)
03-02 11:21:07.189  8543  8543 D ThumbnailCacheManager: Checking for far jobs from segment 3 (threshold: 5)
03-02 11:21:07.190  8543  8543 D ThumbnailCacheManager: Checking for far jobs from segment 3 (threshold: 10)
03-02 11:21:07.231  8543  8543 D ThumbnailCacheManager: Checking for far jobs from segment 2 (threshold: 5)
03-02 11:21:07.231  8543  8543 D ThumbnailCacheManager: Checking for far jobs from segment 2 (threshold: 10)
03-02 11:21:07.274  8543  8543 D ThumbnailCacheManager: Checking for far jobs from segment 2 (threshold: 5)
03-02 11:21:07.276  8543  8543 D ThumbnailCacheManager: Checking for far jobs from segment 2 (threshold: 10)
03-02 11:21:07.320  8543  8543 D ThumbnailCacheManager: Checking for far jobs from segment 2 (threshold: 5)
03-02 11:21:07.321  8543  8543 D ThumbnailCacheManager: Checking for far jobs from segment 2 (threshold: 10)
03-02 11:21:07.321  8543  8720 D ThumbnailCacheManager$cancelFarJobs: Cancelling 3 far jobs (distance > 5)
03-02 11:21:07.322  8543  8720 V ThumbnailCacheManager$cancelFarJobs: Cancelled far job: content://media/external/video/media/1000041099_10 (distance > 5)
03-02 11:21:07.324  8543  8720 V ThumbnailCacheManager$cancelFarJobs: Cancelled far job: content://media/external/video/media/1000041099_11 (distance > 5)
03-02 11:21:07.325  8543  8720 V ThumbnailCacheManager$cancelFarJobs: Cancelled far job: content://media/external/video/media/1000041099_12 (distance > 5)
03-02 11:21:07.364  8543  8543 D ThumbnailCacheManager: Checking for far jobs from segment 2 (threshold: 5)
03-02 11:21:07.365  8543  8543 D ThumbnailCacheManager: Checking for far jobs from segment 2 (threshold: 10)
03-02 11:21:07.421  8543  8543 D ThumbnailCacheManager: Checking for far jobs from segment 2 (threshold: 5)
03-02 11:21:07.422  8543  8543 D ThumbnailCacheManager: Checking for far jobs from segment 2 (threshold: 10)
03-02 11:21:07.466  8543  8543 D ThumbnailCacheManager: Checking for far jobs from segment 2 (threshold: 5)
03-02 11:21:07.467  8543  8543 D ThumbnailCacheManager: Checking for far jobs from segment 2 (threshold: 10)
03-02 11:21:07.513  8543  8543 D ThumbnailCacheManager: Checking for far jobs from segment 2 (threshold: 5)
03-02 11:21:07.514  8543  8543 D ThumbnailCacheManager: Checking for far jobs from segment 2 (threshold: 10)
03-02 11:21:07.558  8543  8543 D ThumbnailCacheManager: Checking for far jobs from segment 2 (threshold: 5)
03-02 11:21:07.559  8543  8543 D ThumbnailCacheManager: Checking for far jobs from segment 2 (threshold: 10)
03-02 11:21:07.560  8543  8626 D ThumbnailCacheManager$cancelFarJobs: Cancelling 3 far jobs (distance > 5)
03-02 11:21:07.560  8543  8626 V ThumbnailCacheManager$cancelFarJobs: Cancelled far job: content://media/external/video/media/1000041099_10 (distance > 5)
03-02 11:21:07.561  8543  8626 V ThumbnailCacheManager$cancelFarJobs: Cancelled far job: content://media/external/video/media/1000041099_11 (distance > 5)
03-02 11:21:07.562  8543  8626 V ThumbnailCacheManager$cancelFarJobs: Cancelled far job: content://media/external/video/media/1000041099_12 (distance > 5)
03-02 11:21:07.563  8543  8720 D ThumbnailCacheManager$loadStripWithTracking$job: Segment job cancelled: content://media/external/video/media/1000041099_10
03-02 11:21:07.607  8543  8543 D ThumbnailCacheManager: Checking for far jobs from segment 2 (threshold: 5)
03-02 11:21:07.608  8543  8543 D ThumbnailCacheManager: Checking for far jobs from segment 2 (threshold: 10)
03-02 11:21:07.609  8543  8625 D ThumbnailCacheManager$cancelFarJobs: Cancelling 1 far jobs (distance > 5)
03-02 11:21:07.610  8543  8625 V ThumbnailCacheManager$cancelFarJobs: Cancelled far job: content://media/external/video/media/1000041099_10 (distance > 5)
03-02 11:21:07.613  8543  8624 D ThumbnailCacheManager$loadStripWithTracking$job: Segment job cancelled: content://media/external/video/media/1000041099_10
03-02 11:21:07.658  8543  8543 D ThumbnailCacheManager: Checking for far jobs from segment 2 (threshold: 5)
03-02 11:21:07.658  8543  8543 D ThumbnailCacheManager: Checking for far jobs from segment 2 (threshold: 10)
03-02 11:21:07.659  8543  8625 D ThumbnailCacheManager$cancelFarJobs: Cancelling 1 far jobs (distance > 5)
03-02 11:21:07.659  8543  8625 V ThumbnailCacheManager$cancelFarJobs: Cancelled far job: content://media/external/video/media/1000041099_12 (distance > 5)
03-02 11:21:07.664  8543  8623 D ThumbnailCacheManager$loadStripWithTracking$job: Segment job cancelled: content://media/external/video/media/1000041099_12
03-02 11:21:07.743  8543  8543 D ThumbnailCacheManager: Checking for far jobs from segment 2 (threshold: 5)
03-02 11:21:07.744  8543  8543 D ThumbnailCacheManager: Checking for far jobs from segment 2 (threshold: 10)
03-02 11:21:07.795  8543  8543 D ThumbnailCacheManager: Checking for far jobs from segment 2 (threshold: 5)
03-02 11:21:07.796  8543  8543 D ThumbnailCacheManager: Checking for far jobs from segment 2 (threshold: 10)
03-02 11:21:07.797  8543  8625 D ThumbnailCacheManager$cancelFarJobs: Cancelling 3 far jobs (distance > 5)
03-02 11:21:07.798  8543  8625 V ThumbnailCacheManager$cancelFarJobs: Cancelled far job: content://media/external/video/media/1000041099_10 (distance > 5)
03-02 11:21:07.798  8543  8625 V ThumbnailCacheManager$cancelFarJobs: Cancelled far job: content://media/external/video/media/1000041099_11 (distance > 5)
03-02 11:21:07.799  8543  8625 V ThumbnailCacheManager$cancelFarJobs: Cancelled far job: content://media/external/video/media/1000041099_12 (distance > 5)
03-02 11:21:07.845  8543  8543 D ThumbnailCacheManager: Checking for far jobs from segment 2 (threshold: 5)
03-02 11:21:07.846  8543  8543 D ThumbnailCacheManager: Checking for far jobs from segment 2 (threshold: 10)
03-02 11:21:07.898  8543  8543 D ThumbnailCacheManager: Checking for far jobs from segment 3 (threshold: 5)
03-02 11:21:07.899  8543  8543 D ThumbnailCacheManager: Checking for far jobs from segment 3 (threshold: 10)
03-02 11:21:07.948  8543  8543 D ThumbnailCacheManager: Checking for far jobs from segment 3 (threshold: 5)
03-02 11:21:07.949  8543  8543 D ThumbnailCacheManager: Checking for far jobs from segment 3 (threshold: 10)
03-02 11:21:07.949  8543  8626 D ThumbnailCacheManager$cancelFarJobs: Cancelling 1 far jobs (distance > 5)
03-02 11:21:07.950  8543  8626 V ThumbnailCacheManager$cancelFarJobs: Cancelled far job: content://media/external/video/media/1000041099_13 (distance > 5)
03-02 11:21:07.951  8543  8628 D ThumbnailCacheManager$loadStripWithTracking$job: Segment job cancelled: content://media/external/video/media/1000041099_13
03-02 11:21:07.989  8543  8543 D ThumbnailCacheManager: Checking for far jobs from segment 3 (threshold: 5)
03-02 11:21:07.989  8543  8543 D ThumbnailCacheManager: Checking for far jobs from segment 3 (threshold: 10)
03-02 11:21:08.035  8543  8543 D ThumbnailCacheManager: Checking for far jobs from segment 3 (threshold: 5)
03-02 11:21:08.036  8543  8543 D ThumbnailCacheManager: Checking for far jobs from segment 3 (threshold: 10)
03-02 11:21:08.037  8543  8627 D ThumbnailCacheManager$cancelFarJobs: Cancelling 3 far jobs (distance > 5)
03-02 11:21:08.037  8543  8627 V ThumbnailCacheManager$cancelFarJobs: Cancelled far job: content://media/external/video/media/1000041099_10 (distance > 5)
03-02 11:21:08.038  8543  8627 V ThumbnailCacheManager$cancelFarJobs: Cancelled far job: content://media/external/video/media/1000041099_11 (distance > 5)
03-02 11:21:08.039  8543  8627 V ThumbnailCacheManager$cancelFarJobs: Cancelled far job: content://media/external/video/media/1000041099_13 (distance > 5)
03-02 11:21:08.040  8543  8623 D ThumbnailCacheManager$loadStripWithTracking$job: Segment job cancelled: content://media/external/video/media/1000041099_13
03-02 11:21:08.075  8543  8543 D ThumbnailCacheManager: Checking for far jobs from segment 3 (threshold: 5)
03-02 11:21:08.075  8543  8543 D ThumbnailCacheManager: Checking for far jobs from segment 3 (threshold: 10)
03-02 11:21:08.118  8543  8543 D ThumbnailCacheManager: Checking for far jobs from segment 3 (threshold: 5)
03-02 11:21:08.119  8543  8543 D ThumbnailCacheManager: Checking for far jobs from segment 3 (threshold: 10)
03-02 11:21:08.164  8543  8543 D ThumbnailCacheManager: Checking for far jobs from segment 3 (threshold: 5)
03-02 11:21:08.164  8543  8543 D ThumbnailCacheManager: Checking for far jobs from segment 3 (threshold: 10)
03-02 11:21:08.209  8543  8543 D ThumbnailCacheManager: Checking for far jobs from segment 3 (threshold: 5)
03-02 11:21:08.209  8543  8543 D ThumbnailCacheManager: Checking for far jobs from segment 3 (threshold: 10)
03-02 11:21:08.227  8543  8630 D ThumbnailCacheManager$loadStripWithTracking$job: Segment job cancelled: content://media/external/video/media/1000041099_13
03-02 11:21:08.254  8543  8543 D ThumbnailCacheManager: Checking for far jobs from segment 3 (threshold: 5)
03-02 11:21:08.254  8543  8543 D ThumbnailCacheManager: Checking for far jobs from segment 3 (threshold: 10)
03-02 11:21:08.255  8543  8626 D ThumbnailCacheManager$loadStripWithTracking$job: Segment job cancelled: content://media/external/video/media/1000041099_12
03-02 11:21:08.256  8543  8628 D ThumbnailCacheManager$cancelFarJobs: Cancelling 4 far jobs (distance > 5)
03-02 11:21:08.257  8543  8628 V ThumbnailCacheManager$cancelFarJobs: Cancelled far job: content://media/external/video/media/1000041099_10 (distance > 5)
03-02 11:21:08.258  8543  8628 V ThumbnailCacheManager$cancelFarJobs: Cancelled far job: content://media/external/video/media/1000041099_11 (distance > 5)
03-02 11:21:08.259  8543  8628 V ThumbnailCacheManager$cancelFarJobs: Cancelled far job: content://media/external/video/media/1000041099_12 (distance > 5)
03-02 11:21:08.260  8543  8628 V ThumbnailCacheManager$cancelFarJobs: Cancelled far job: content://media/external/video/media/1000041099_13 (distance > 5)
03-02 11:21:08.261  8543  8630 D ThumbnailCacheManager$loadStripWithTracking$job: Segment job cancelled: content://media/external/video/media/1000041099_13
03-02 11:21:08.299  8543  8543 D ThumbnailCacheManager: Checking for far jobs from segment 3 (threshold: 5)
03-02 11:21:08.300  8543  8543 D ThumbnailCacheManager: Checking for far jobs from segment 3 (threshold: 10)
03-02 11:21:08.347  8543  8543 D ThumbnailCacheManager: Checking for far jobs from segment 3 (threshold: 5)
03-02 11:21:08.348  8543  8543 D ThumbnailCacheManager: Checking for far jobs from segment 3 (threshold: 10)
03-02 11:21:08.398  8543  8543 D ThumbnailCacheManager: Checking for far jobs from segment 4 (threshold: 5)
03-02 11:21:08.399  8543  8543 D ThumbnailCacheManager: Checking for far jobs from segment 4 (threshold: 10)
03-02 11:21:08.460  8543  8543 D ThumbnailCacheManager: Checking for far jobs from segment 4 (threshold: 5)
03-02 11:21:08.461  8543  8543 D ThumbnailCacheManager: Checking for far jobs from segment 4 (threshold: 10)
03-02 11:21:08.514  8543  8543 D ThumbnailCacheManager: Checking for far jobs from segment 4 (threshold: 5)
03-02 11:21:08.515  8543  8543 D ThumbnailCacheManager: Checking for far jobs from segment 4 (threshold: 10)
03-02 11:21:08.565  8543  8543 D ThumbnailCacheManager: Checking for far jobs from segment 4 (threshold: 5)
03-02 11:21:08.566  8543  8543 D ThumbnailCacheManager: Checking for far jobs from segment 4 (threshold: 10)
03-02 11:21:08.614  8543  8543 D ThumbnailCacheManager: Checking for far jobs from segment 4 (threshold: 5)
03-02 11:21:08.615  8543  8543 D ThumbnailCacheManager: Checking for far jobs from segment 4 (threshold: 10)
03-02 11:21:08.672  8543  8543 D ThumbnailCacheManager: Checking for far jobs from segment 4 (threshold: 5)
03-02 11:21:08.672  8543  8543 D ThumbnailCacheManager: Checking for far jobs from segment 4 (threshold: 10)
03-02 11:21:08.673  8543  8720 D ThumbnailCacheManager$cancelFarJobs: Cancelling 5 far jobs (distance > 5)
03-02 11:21:08.673  8543  8720 V ThumbnailCacheManager$cancelFarJobs: Cancelled far job: content://media/external/video/media/1000041099_10 (distance > 5)
03-02 11:21:08.674  8543  8720 V ThumbnailCacheManager$cancelFarJobs: Cancelled far job: content://media/external/video/media/1000041099_11 (distance > 5)
03-02 11:21:08.675  8543  8720 V ThumbnailCacheManager$cancelFarJobs: Cancelled far job: content://media/external/video/media/1000041099_12 (distance > 5)
03-02 11:21:08.676  8543  8628 D ThumbnailCacheManager$loadStripWithTracking$job: Segment job cancelled: content://media/external/video/media/1000041099_11
03-02 11:21:08.676  8543  8720 V ThumbnailCacheManager$cancelFarJobs: Cancelled far job: content://media/external/video/media/1000041099_13 (distance > 5)
03-02 11:21:08.676  8543  8635 D ThumbnailCacheManager$loadStripWithTracking$job: Segment job cancelled: content://media/external/video/media/1000041099_13
03-02 11:21:08.677  8543  8720 V ThumbnailCacheManager$cancelFarJobs: Cancelled far job: content://media/external/video/media/1000041099_14 (distance > 5)
03-02 11:21:08.677  8543  8635 D ThumbnailCacheManager$loadStripWithTracking$job: Segment job cancelled: content://media/external/video/media/1000041099_14
03-02 11:21:08.678  8543  8626 D ThumbnailCacheManager$loadStripWithTracking$job: Segment job cancelled: content://media/external/video/media/1000041099_10
03-02 11:21:08.718  8543  8543 D ThumbnailCacheManager: Checking for far jobs from segment 4 (threshold: 5)
03-02 11:21:08.719  8543  8543 D ThumbnailCacheManager: Checking for far jobs from segment 4 (threshold: 10)
03-02 11:21:08.719  8543  8621 D ThumbnailCacheManager$cancelFarJobs: Cancelling 1 far jobs (distance > 5)
03-02 11:21:08.720  8543  8621 V ThumbnailCacheManager$cancelFarJobs: Cancelled far job: content://media/external/video/media/1000041099_10 (distance > 5)
03-02 11:21:08.724  8543  8628 D ThumbnailCacheManager$loadStripWithTracking$job: Segment job cancelled: content://media/external/video/media/1000041099_10
03-02 11:21:08.772  8543  8543 D ThumbnailCacheManager: Checking for far jobs from segment 4 (threshold: 5)
03-02 11:21:08.773  8543  8543 D ThumbnailCacheManager: Checking for far jobs from segment 4 (threshold: 10)
03-02 11:21:08.774  8543  8626 D ThumbnailCacheManager$cancelFarJobs: Cancelling 2 far jobs (distance > 5)
03-02 11:21:08.776  8543  8626 V ThumbnailCacheManager$cancelFarJobs: Cancelled far job: content://media/external/video/media/1000041099_13 (distance > 5)
03-02 11:21:08.776  8543  8621 D ThumbnailCacheManager$loadStripWithTracking$job: Segment job cancelled: content://media/external/video/media/1000041099_13
03-02 11:21:08.777  8543  8626 V ThumbnailCacheManager$cancelFarJobs: Cancelled far job: content://media/external/video/media/1000041099_14 (distance > 5)
03-02 11:21:08.778  8543  8628 D ThumbnailCacheManager$loadStripWithTracking$job: Segment job cancelled: content://media/external/video/media/1000041099_14
03-02 11:21:08.821  8543  8543 D ThumbnailCacheManager: Checking for far jobs from segment 4 (threshold: 5)
03-02 11:21:08.821  8543  8543 D ThumbnailCacheManager: Checking for far jobs from segment 4 (threshold: 10)
03-02 11:21:08.881  8543  8543 D ThumbnailCacheManager: Checking for far jobs from segment 4 (threshold: 5)
03-02 11:21:08.881  8543  8543 D ThumbnailCacheManager: Checking for far jobs from segment 4 (threshold: 10)
03-02 11:21:08.925  8543  8543 D ThumbnailCacheManager: Checking for far jobs from segment 4 (threshold: 5)
03-02 11:21:08.926  8543  8543 D ThumbnailCacheManager: Checking for far jobs from segment 4 (threshold: 10)
03-02 11:21:08.969  8543  8543 D ThumbnailCacheManager: Checking for far jobs from segment 4 (threshold: 5)
03-02 11:21:08.970  8543  8543 D ThumbnailCacheManager: Checking for far jobs from segment 4 (threshold: 10)
03-02 11:21:09.009  8543  8543 D ThumbnailCacheManager: Checking for far jobs from segment 4 (threshold: 5)
03-02 11:21:09.010  8543  8543 D ThumbnailCacheManager: Checking for far jobs from segment 4 (threshold: 10)
03-02 11:21:09.055  8543  8543 D ThumbnailCacheManager: Checking for far jobs from segment 4 (threshold: 5)
03-02 11:21:09.055  8543  8543 D ThumbnailCacheManager: Checking for far jobs from segment 4 (threshold: 10)
03-02 11:21:09.099  8543  8543 D ThumbnailCacheManager: Checking for far jobs from segment 5 (threshold: 5)
03-02 11:21:09.099  8543  8543 D ThumbnailCacheManager: Checking for far jobs from segment 5 (threshold: 10)
03-02 11:21:09.143  8543  8543 D ThumbnailCacheManager: Checking for far jobs from segment 5 (threshold: 5)
03-02 11:21:09.144  8543  8543 D ThumbnailCacheManager: Checking for far jobs from segment 5 (threshold: 10)
03-02 11:21:09.144  8543  8621 D ThumbnailCacheManager$cancelFarJobs: Cancelling 5 far jobs (distance > 5)
03-02 11:21:09.145  8543  8621 V ThumbnailCacheManager$cancelFarJobs: Cancelled far job: content://media/external/video/media/1000041099_11 (distance > 5)
03-02 11:21:09.145  8543  8621 V ThumbnailCacheManager$cancelFarJobs: Cancelled far job: content://media/external/video/media/1000041099_12 (distance > 5)
03-02 11:21:09.146  8543  8621 V ThumbnailCacheManager$cancelFarJobs: Cancelled far job: content://media/external/video/media/1000041099_13 (distance > 5)
03-02 11:21:09.152  8543  8621 V ThumbnailCacheManager$cancelFarJobs: Cancelled far job: content://media/external/video/media/1000041099_14 (distance > 5)
03-02 11:21:09.153  8543  8621 V ThumbnailCacheManager$cancelFarJobs: Cancelled far job: content://media/external/video/media/1000041099_15 (distance > 5)
03-02 11:21:09.158  8543  8624 D ThumbnailCacheManager$loadStripWithTracking$job: Segment job cancelled: content://media/external/video/media/1000041099_15
03-02 11:21:09.158  8543  8623 D ThumbnailCacheManager$loadStripWithTracking$job: Segment job cancelled: content://media/external/video/media/1000041099_14
03-02 11:21:09.160  8543  8624 D ThumbnailCacheManager$loadStripWithTracking$job: Segment job cancelled: content://media/external/video/media/1000041099_13
03-02 11:21:09.189  8543  8623 D ThumbnailCacheManager$loadStripWithTracking$job: Segment job cancelled: content://media/external/video/media/1000041099_11
03-02 11:21:09.189  8543  8624 D ThumbnailCacheManager$loadStripWithTracking$job: Segment job cancelled: content://media/external/video/media/1000041099_12
03-02 11:21:09.194  8543  8543 D ThumbnailCacheManager: Checking for far jobs from segment 5 (threshold: 5)
03-02 11:21:09.195  8543  8543 D ThumbnailCacheManager: Checking for far jobs from segment 5 (threshold: 10)
03-02 11:21:09.196  8543  8624 D ThumbnailCacheManager$cancelFarJobs: Cancelling 5 far jobs (distance > 5)
03-02 11:21:09.197  8543  8624 V ThumbnailCacheManager$cancelFarJobs: Cancelled far job: content://media/external/video/media/1000041099_11 (distance > 5)
03-02 11:21:09.198  8543  8624 V ThumbnailCacheManager$cancelFarJobs: Cancelled far job: content://media/external/video/media/1000041099_12 (distance > 5)
03-02 11:21:09.200  8543  8624 V ThumbnailCacheManager$cancelFarJobs: Cancelled far job: content://media/external/video/media/1000041099_13 (distance > 5)
03-02 11:21:09.201  8543  8624 V ThumbnailCacheManager$cancelFarJobs: Cancelled far job: content://media/external/video/media/1000041099_14 (distance > 5)
03-02 11:21:09.202  8543  8624 V ThumbnailCacheManager$cancelFarJobs: Cancelled far job: content://media/external/video/media/1000041099_15 (distance > 5)
03-02 11:21:09.213  8543  8621 D ThumbnailCacheManager$loadStripWithTracking$job: Segment job cancelled: content://media/external/video/media/1000041099_14
03-02 11:21:09.213  8543  8730 D ThumbnailCacheManager$loadStripWithTracking$job: Segment job cancelled: content://media/external/video/media/1000041099_15
03-02 11:21:09.215  8543  8625 D ThumbnailCacheManager$loadStripWithTracking$job: Segment job cancelled: content://media/external/video/media/1000041099_13
03-02 11:21:09.250  8543  8730 D ThumbnailCacheManager$loadStripWithTracking$job: Segment job cancelled: content://media/external/video/media/1000041099_12
03-02 11:21:09.250  8543  8623 D ThumbnailCacheManager$loadStripWithTracking$job: Segment job cancelled: content://media/external/video/media/1000041099_11
03-02 11:21:09.251  8543  8543 D ThumbnailCacheManager: Checking for far jobs from segment 5 (threshold: 5)
03-02 11:21:09.251  8543  8543 D ThumbnailCacheManager: Checking for far jobs from segment 5 (threshold: 10)
03-02 11:21:09.295  8543  8543 D ThumbnailCacheManager: Checking for far jobs from segment 5 (threshold: 5)
03-02 11:21:09.298  8543  8543 D ThumbnailCacheManager: Checking for far jobs from segment 5 (threshold: 10)
03-02 11:21:09.342  8543  8543 D ThumbnailCacheManager: Checking for far jobs from segment 5 (threshold: 5)
03-02 11:21:09.343  8543  8543 D ThumbnailCacheManager: Checking for far jobs from segment 5 (threshold: 10)
03-02 11:21:09.393  8543  8543 D ThumbnailCacheManager: Checking for far jobs from segment 5 (threshold: 5)
03-02 11:21:09.394  8543  8543 D ThumbnailCacheManager: Checking for far jobs from segment 5 (threshold: 10)
03-02 11:21:09.475  8543  8543 D ThumbnailCacheManager: Checking for far jobs from segment 5 (threshold: 5)
03-02 11:21:09.475  8543  8543 D ThumbnailCacheManager: Checking for far jobs from segment 5 (threshold: 10)
03-02 11:21:09.584  8543  8543 D ThumbnailCacheManager: Checking for far jobs from segment 5 (threshold: 5)
03-02 11:21:09.585  8543  8543 D ThumbnailCacheManager: Checking for far jobs from segment 5 (threshold: 10)
03-02 11:21:09.585  8543  8620 D ThumbnailCacheManager$cancelFarJobs: Cancelling 3 far jobs (distance > 5)
03-02 11:21:09.587  8543  8620 V ThumbnailCacheManager$cancelFarJobs: Cancelled far job: content://media/external/video/media/1000041099_13 (distance > 5)
03-02 11:21:09.588  8543  8620 V ThumbnailCacheManager$cancelFarJobs: Cancelled far job: content://media/external/video/media/1000041099_14 (distance > 5)
03-02 11:21:09.589  8543  8630 D ThumbnailCacheManager$loadStripWithTracking$job: Segment job cancelled: content://media/external/video/media/1000041099_14
03-02 11:21:09.589  8543  8620 V ThumbnailCacheManager$cancelFarJobs: Cancelled far job: content://media/external/video/media/1000041099_15 (distance > 5)
03-02 11:21:09.590  8543  8635 D ThumbnailCacheManager$loadStripWithTracking$job: Segment job cancelled: content://media/external/video/media/1000041099_13
03-02 11:21:09.590  8543  8626 D ThumbnailCacheManager$loadStripWithTracking$job: Segment job cancelled: content://media/external/video/media/1000041099_15
03-02 11:21:09.628  8543  8543 D ThumbnailCacheManager: Checking for far jobs from segment 5 (threshold: 5)
03-02 11:21:09.629  8543  8543 D ThumbnailCacheManager: Checking for far jobs from segment 5 (threshold: 10)
03-02 11:21:09.691  8543  8543 D ThumbnailCacheManager: Checking for far jobs from segment 5 (threshold: 5)
03-02 11:21:09.692  8543  8543 D ThumbnailCacheManager: Checking for far jobs from segment 5 (threshold: 10)
03-02 11:21:09.757  8543  8543 D ThumbnailCacheManager: Checking for far jobs from segment 5 (threshold: 5)
03-02 11:21:09.758  8543  8543 D ThumbnailCacheManager: Checking for far jobs from segment 5 (threshold: 10)
03-02 11:21:09.803  8543  8543 D ThumbnailCacheManager: Checking for far jobs from segment 5 (threshold: 5)
03-02 11:21:09.803  8543  8543 D ThumbnailCacheManager: Checking for far jobs from segment 5 (threshold: 10)
03-02 11:21:09.807  8543  8720 D ThumbnailCacheManager$loadStripWithTracking$job: Segment job cancelled: content://media/external/video/media/1000041099_15
03-02 11:21:09.807  8543  8629 D ThumbnailCacheManager$loadStripWithTracking$job: Segment job cancelled: content://media/external/video/media/1000041099_14
03-02 11:21:09.808  8543  8623 D ThumbnailCacheManager$loadStripWithTracking$job: Segment job cancelled: content://media/external/video/media/1000041099_13
03-02 11:21:09.858  8543  8543 D ThumbnailCacheManager: Checking for far jobs from segment 5 (threshold: 5)
03-02 11:21:09.858  8543  8543 D ThumbnailCacheManager: Checking for far jobs from segment 5 (threshold: 10)
03-02 11:21:09.859  8543  8627 D ThumbnailCacheManager$cancelFarJobs: Cancelling 2 far jobs (distance > 5)
03-02 11:21:09.860  8543  8627 V ThumbnailCacheManager$cancelFarJobs: Cancelled far job: content://media/external/video/media/1000041099_11 (distance > 5)
03-02 11:21:09.860  8543  8627 V ThumbnailCacheManager$cancelFarJobs: Cancelled far job: content://media/external/video/media/1000041099_12 (distance > 5)
03-02 11:21:09.931  8543  8543 D ThumbnailCacheManager: Checking for far jobs from segment 5 (threshold: 5)
03-02 11:21:09.931  8543  8543 D ThumbnailCacheManager: Checking for far jobs from segment 5 (threshold: 10)
03-02 11:21:09.932  8543  8725 D ThumbnailCacheManager$cancelFarJobs: Cancelling 2 far jobs (distance > 5)
03-02 11:21:09.934  8543  8725 V ThumbnailCacheManager$cancelFarJobs: Cancelled far job: content://media/external/video/media/1000041099_14 (distance > 5)
03-02 11:21:09.935  8543  8725 V ThumbnailCacheManager$cancelFarJobs: Cancelled far job: content://media/external/video/media/1000041099_15 (distance > 5)
03-02 11:21:09.937  8543  8632 D ThumbnailCacheManager$loadStripWithTracking$job: Segment job cancelled: content://media/external/video/media/1000041099_14
03-02 11:21:09.937  8543  8636 D ThumbnailCacheManager$loadStripWithTracking$job: Segment job cancelled: content://media/external/video/media/1000041099_15
03-02 11:21:09.976  8543  8543 D ThumbnailCacheManager: Checking for far jobs from segment 5 (threshold: 5)
03-02 11:21:09.976  8543  8543 D ThumbnailCacheManager: Checking for far jobs from segment 5 (threshold: 10)
03-02 11:21:10.068  8543  8543 D ThumbnailCacheManager: Checking for far jobs from segment 5 (threshold: 5)
03-02 11:21:10.068  8543  8543 D ThumbnailCacheManager: Checking for far jobs from segment 5 (threshold: 10)
03-02 11:21:10.136  8543  8543 D ThumbnailCacheManager: Checking for far jobs from segment 5 (threshold: 5)
03-02 11:21:10.137  8543  8543 D ThumbnailCacheManager: Checking for far jobs from segment 5 (threshold: 10)
03-02 11:21:10.190  8543  8543 D ThumbnailCacheManager: Checking for far jobs from segment 5 (threshold: 5)
03-02 11:21:10.191  8543  8543 D ThumbnailCacheManager: Checking for far jobs from segment 5 (threshold: 10)
03-02 11:21:10.239  8543  8543 D ThumbnailCacheManager: Checking for far jobs from segment 5 (threshold: 5)
03-02 11:21:10.239  8543  8543 D ThumbnailCacheManager: Checking for far jobs from segment 5 (threshold: 10)
03-02 11:21:10.281  8543  8543 D ThumbnailCacheManager: Checking for far jobs from segment 6 (threshold: 5)
03-02 11:21:10.281  8543  8543 D ThumbnailCacheManager: Checking for far jobs from segment 6 (threshold: 10)
03-02 11:21:10.324  8543  8543 D ThumbnailCacheManager: Checking for far jobs from segment 6 (threshold: 5)
03-02 11:21:10.324  8543  8543 D ThumbnailCacheManager: Checking for far jobs from segment 6 (threshold: 10)
03-02 11:21:10.330  8543  8623 D ThumbnailCacheManager$loadStripWithTracking$job: Segment job cancelled: content://media/external/video/media/1000041099_15
03-02 11:21:10.331  8543  8633 D ThumbnailCacheManager$loadStripWithTracking$job: Segment job cancelled: content://media/external/video/media/1000041099_16
03-02 11:21:10.365  8543  8543 D ThumbnailCacheManager: Checking for far jobs from segment 6 (threshold: 5)
03-02 11:21:10.366  8543  8543 D ThumbnailCacheManager: Checking for far jobs from segment 6 (threshold: 10)
03-02 11:21:10.374  8543  8630 D ThumbnailCacheManager$cancelFarJobs: Cancelling 5 far jobs (distance > 5)
03-02 11:21:10.375  8543  8630 V ThumbnailCacheManager$cancelFarJobs: Cancelled far job: content://media/external/video/media/1000041099_12 (distance > 5)
03-02 11:21:10.376  8543  8630 V ThumbnailCacheManager$cancelFarJobs: Cancelled far job: content://media/external/video/media/1000041099_13 (distance > 5)
03-02 11:21:10.377  8543  8630 V ThumbnailCacheManager$cancelFarJobs: Cancelled far job: content://media/external/video/media/1000041099_14 (distance > 5)
03-02 11:21:10.378  8543  8627 D ThumbnailCacheManager$loadStripWithTracking$job: Segment job cancelled: content://media/external/video/media/1000041099_14
03-02 11:21:10.378  8543  8630 V ThumbnailCacheManager$cancelFarJobs: Cancelled far job: content://media/external/video/media/1000041099_15 (distance > 5)
03-02 11:21:10.378  8543  8636 D ThumbnailCacheManager$loadStripWithTracking$job: Segment job cancelled: content://media/external/video/media/1000041099_15
03-02 11:21:10.379  8543  8630 V ThumbnailCacheManager$cancelFarJobs: Cancelled far job: content://media/external/video/media/1000041099_16 (distance > 5)
03-02 11:21:10.380  8543  8627 D ThumbnailCacheManager$loadStripWithTracking$job: Segment job cancelled: content://media/external/video/media/1000041099_16
03-02 11:21:10.412  8543  8543 D ThumbnailCacheManager: Checking for far jobs from segment 6 (threshold: 5)
03-02 11:21:10.412  8543  8543 D ThumbnailCacheManager: Checking for far jobs from segment 6 (threshold: 10)
03-02 11:21:10.465  8543  8543 D ThumbnailCacheManager: Checking for far jobs from segment 6 (threshold: 5)
03-02 11:21:10.466  8543  8543 D ThumbnailCacheManager: Checking for far jobs from segment 6 (threshold: 10)
03-02 11:21:10.553  8543  8543 D ThumbnailCacheManager: Checking for far jobs from segment 6 (threshold: 5)
03-02 11:21:10.553  8543  8543 D ThumbnailCacheManager: Checking for far jobs from segment 6 (threshold: 10)
03-02 11:21:10.609  8543  8543 D ThumbnailCacheManager: Checking for far jobs from segment 6 (threshold: 5)
03-02 11:21:10.610  8543  8543 D ThumbnailCacheManager: Checking for far jobs from segment 6 (threshold: 10)
03-02 11:21:10.667  8543  8543 D ThumbnailCacheManager: Checking for far jobs from segment 6 (threshold: 5)
03-02 11:21:10.668  8543  8543 D ThumbnailCacheManager: Checking for far jobs from segment 6 (threshold: 10)
03-02 11:21:10.718  8543  8543 D ThumbnailCacheManager: Checking for far jobs from segment 6 (threshold: 5)
03-02 11:21:10.719  8543  8543 D ThumbnailCacheManager: Checking for far jobs from segment 6 (threshold: 10)
03-02 11:21:10.774  8543  8543 D ThumbnailCacheManager: Checking for far jobs from segment 6 (threshold: 5)
03-02 11:21:10.775  8543  8543 D ThumbnailCacheManager: Checking for far jobs from segment 6 (threshold: 10)
03-02 11:21:10.826  8543  8543 D ThumbnailCacheManager: Checking for far jobs from segment 6 (threshold: 5)
03-02 11:21:10.826  8543  8543 D ThumbnailCacheManager: Checking for far jobs from segment 6 (threshold: 10)
03-02 11:21:10.879  8543  8543 D ThumbnailCacheManager: Checking for far jobs from segment 6 (threshold: 5)
03-02 11:21:10.880  8543  8543 D ThumbnailCacheManager: Checking for far jobs from segment 6 (threshold: 10)
03-02 11:21:10.933  8543  8543 D ThumbnailCacheManager: Checking for far jobs from segment 6 (threshold: 5)
03-02 11:21:10.933  8543  8543 D ThumbnailCacheManager: Checking for far jobs from segment 6 (threshold: 10)
03-02 11:21:11.116  8543  8543 D ThumbnailCacheManager: Checking for far jobs from segment 6 (threshold: 5)
03-02 11:21:11.116  8543  8543 D ThumbnailCacheManager: Checking for far jobs from segment 6 (threshold: 10)
03-02 11:21:11.120  8543  8627 D ThumbnailCacheManager$loadStripWithTracking$job: Segment job cancelled: content://media/external/video/media/1000041099_15
03-02 11:21:11.120  8543  8634 D ThumbnailCacheManager$loadStripWithTracking$job: Segment job cancelled: content://media/external/video/media/1000041099_14
03-02 11:21:11.122  8543  8633 D ThumbnailCacheManager$loadStripWithTracking$job: Segment job cancelled: content://media/external/video/media/1000041099_16
03-02 11:21:11.125  8543  8637 D ThumbnailCacheManager$cancelFarJobs: Cancelling 5 far jobs (distance > 5)
03-02 11:21:11.126  8543  8637 V ThumbnailCacheManager$cancelFarJobs: Cancelled far job: content://media/external/video/media/1000041099_12 (distance > 5)
03-02 11:21:11.128  8543  8637 V ThumbnailCacheManager$cancelFarJobs: Cancelled far job: content://media/external/video/media/1000041099_13 (distance > 5)
03-02 11:21:11.128  8543  8637 V ThumbnailCacheManager$cancelFarJobs: Cancelled far job: content://media/external/video/media/1000041099_14 (distance > 5)
03-02 11:21:11.130  8543  8637 V ThumbnailCacheManager$cancelFarJobs: Cancelled far job: content://media/external/video/media/1000041099_15 (distance > 5)
03-02 11:21:11.130  8543  8637 V ThumbnailCacheManager$cancelFarJobs: Cancelled far job: content://media/external/video/media/1000041099_16 (distance > 5)
03-02 11:21:11.139  8543  8630 D ThumbnailCacheManager$loadStripWithTracking$job: Segment job cancelled: content://media/external/video/media/1000041099_15
03-02 11:21:11.143  8543  8724 D ThumbnailCacheManager$loadStripWithTracking$job: Segment job cancelled: content://media/external/video/media/1000041099_16
03-02 11:21:11.147  8543  8625 D ThumbnailCacheManager$loadStripWithTracking$job: Segment job cancelled: content://media/external/video/media/1000041099_14
03-02 11:21:11.167  8543  8625 D ThumbnailCacheManager$loadStripWithTracking$job: Segment job cancelled: content://media/external/video/media/1000041099_12
03-02 11:21:11.167  8543  8724 D ThumbnailCacheManager$loadStripWithTracking$job: Segment job cancelled: content://media/external/video/media/1000041099_13
03-02 11:21:11.168  8543  8543 D ThumbnailCacheManager: Checking for far jobs from segment 6 (threshold: 5)
03-02 11:21:11.169  8543  8543 D ThumbnailCacheManager: Checking for far jobs from segment 6 (threshold: 10)
03-02 11:21:11.220  8543  8543 D ThumbnailCacheManager: Checking for far jobs from segment 6 (threshold: 5)
03-02 11:21:11.221  8543  8543 D ThumbnailCacheManager: Checking for far jobs from segment 6 (threshold: 10)
03-02 11:21:11.267  8543  8543 D ThumbnailCacheManager: Checking for far jobs from segment 7 (threshold: 5)
03-02 11:21:11.268  8543  8543 D ThumbnailCacheManager: Checking for far jobs from segment 7 (threshold: 10)
03-02 11:21:11.268  8543  8637 D ThumbnailCacheManager$cancelFarJobs: Cancelling 3 far jobs (distance > 5)
03-02 11:21:11.269  8543  8637 V ThumbnailCacheManager$cancelFarJobs: Cancelled far job: content://media/external/video/media/1000041099_14 (distance > 5)
03-02 11:21:11.270  8543  8630 D ThumbnailCacheManager$loadStripWithTracking$job: Segment job cancelled: content://media/external/video/media/1000041099_14
03-02 11:21:11.271  8543  8637 V ThumbnailCacheManager$cancelFarJobs: Cancelled far job: content://media/external/video/media/1000041099_15 (distance > 5)
03-02 11:21:11.271  8543  8635 D ThumbnailCacheManager$loadStripWithTracking$job: Segment job cancelled: content://media/external/video/media/1000041099_15
03-02 11:21:11.272  8543  8637 V ThumbnailCacheManager$cancelFarJobs: Cancelled far job: content://media/external/video/media/1000041099_16 (distance > 5)
03-02 11:21:11.272  8543  8635 D ThumbnailCacheManager$loadStripWithTracking$job: Segment job cancelled: content://media/external/video/media/1000041099_16
03-02 11:21:11.274  8543  8634 D ThumbnailCacheManager$loadStripWithTracking$job: Segment job cancelled: content://media/external/video/media/1000041099_10
03-02 11:21:11.326  8543  8543 D ThumbnailCacheManager: Checking for far jobs from segment 7 (threshold: 5)
03-02 11:21:11.326  8543  8543 D ThumbnailCacheManager: Checking for far jobs from segment 7 (threshold: 10)
03-02 11:21:11.382  8543  8543 D ThumbnailCacheManager: Checking for far jobs from segment 7 (threshold: 5)
03-02 11:21:11.383  8543  8543 D ThumbnailCacheManager: Checking for far jobs from segment 7 (threshold: 10)
03-02 11:21:11.461  8543  8543 D ThumbnailCacheManager: Checking for far jobs from segment 7 (threshold: 5)
03-02 11:21:11.462  8543  8543 D ThumbnailCacheManager: Checking for far jobs from segment 7 (threshold: 10)
03-02 11:21:11.506  8543  8543 D ThumbnailCacheManager: Checking for far jobs from segment 7 (threshold: 5)
03-02 11:21:11.506  8543  8543 D ThumbnailCacheManager: Checking for far jobs from segment 7 (threshold: 10)
03-02 11:21:11.562  8543  8543 D ThumbnailCacheManager: Checking for far jobs from segment 7 (threshold: 5)
03-02 11:21:11.563  8543  8543 D ThumbnailCacheManager: Checking for far jobs from segment 7 (threshold: 10)
03-02 11:21:11.606  8543  8543 D ThumbnailCacheManager: Checking for far jobs from segment 7 (threshold: 5)
03-02 11:21:11.607  8543  8543 D ThumbnailCacheManager: Checking for far jobs from segment 7 (threshold: 10)
03-02 11:21:11.651  8543  8543 D ThumbnailCacheManager: Checking for far jobs from segment 7 (threshold: 5)
03-02 11:21:11.652  8543  8543 D ThumbnailCacheManager: Checking for far jobs from segment 7 (threshold: 10)
03-02 11:21:11.703  8543  8543 D ThumbnailCacheManager: Checking for far jobs from segment 8 (threshold: 5)
03-02 11:21:11.705  8543  8543 D ThumbnailCacheManager: Checking for far jobs from segment 8 (threshold: 10)
03-02 11:21:11.751  8543  8543 D ThumbnailCacheManager: Checking for far jobs from segment 8 (threshold: 5)
03-02 11:21:11.752  8543  8543 D ThumbnailCacheManager: Checking for far jobs from segment 8 (threshold: 10)
03-02 11:21:11.800  8543  8543 D ThumbnailCacheManager: Checking for far jobs from segment 8 (threshold: 5)
03-02 11:21:11.800  8543  8543 D ThumbnailCacheManager: Checking for far jobs from segment 8 (threshold: 10)
03-02 11:21:11.857  8543  8543 D ThumbnailCacheManager: Checking for far jobs from segment 8 (threshold: 5)
03-02 11:21:11.858  8543  8543 D ThumbnailCacheManager: Checking for far jobs from segment 8 (threshold: 10)
03-02 11:21:11.914  8543  8543 D ThumbnailCacheManager: Checking for far jobs from segment 8 (threshold: 5)
03-02 11:21:11.914  8543  8543 D ThumbnailCacheManager: Checking for far jobs from segment 8 (threshold: 10)
03-02 11:21:11.962  8543  8543 D ThumbnailCacheManager: Checking for far jobs from segment 8 (threshold: 5)
03-02 11:21:11.963  8543  8543 D ThumbnailCacheManager: Checking for far jobs from segment 8 (threshold: 10)
03-02 11:21:11.963  8543  8725 D ThumbnailCacheManager$cancelFarJobs: Cancelling 5 far jobs (distance > 5)
03-02 11:21:11.970  8543  8725 V ThumbnailCacheManager$cancelFarJobs: Cancelled far job: content://media/external/video/media/1000041099_14 (distance > 5)
03-02 11:21:11.971  8543  8725 V ThumbnailCacheManager$cancelFarJobs: Cancelled far job: content://media/external/video/media/1000041099_15 (distance > 5)
03-02 11:21:11.972  8543  8725 V ThumbnailCacheManager$cancelFarJobs: Cancelled far job: content://media/external/video/media/1000041099_16 (distance > 5)
03-02 11:21:11.973  8543  8725 V ThumbnailCacheManager$cancelFarJobs: Cancelled far job: content://media/external/video/media/1000041099_17 (distance > 5)
03-02 11:21:11.975  8543  8725 V ThumbnailCacheManager$cancelFarJobs: Cancelled far job: content://media/external/video/media/1000041099_18 (distance > 5)
03-02 11:21:11.989  8543  8631 D ThumbnailCacheManager$loadStripWithTracking$job: Segment job cancelled: content://media/external/video/media/1000041099_15
03-02 11:21:11.995  8543  8632 D ThumbnailCacheManager$loadStripWithTracking$job: Segment job cancelled: content://media/external/video/media/1000041099_14
03-02 11:21:11.996  8543  8634 D ThumbnailCacheManager$loadStripWithTracking$job: Segment job cancelled: content://media/external/video/media/1000041099_17
03-02 11:21:12.002  8543  8629 D ThumbnailCacheManager$loadStripWithTracking$job: Segment job cancelled: content://media/external/video/media/1000041099_18
03-02 11:21:12.006  8543  8724 D ThumbnailCacheManager$loadStripWithTracking$job: Segment job cancelled: content://media/external/video/media/1000041099_16
03-02 11:21:12.040  8543  8543 D ThumbnailCacheManager: Checking for far jobs from segment 8 (threshold: 5)
03-02 11:21:12.040  8543  8543 D ThumbnailCacheManager: Checking for far jobs from segment 8 (threshold: 10)
03-02 11:21:12.173  8543  8543 D ThumbnailCacheManager: Checking for far jobs from segment 8 (threshold: 5)
03-02 11:21:12.173  8543  8543 D ThumbnailCacheManager: Checking for far jobs from segment 8 (threshold: 10)
03-02 11:21:12.175  8543  8725 D ThumbnailCacheManager$cancelFarJobs: Cancelling 5 far jobs (distance > 5)
03-02 11:21:12.178  8543  8725 V ThumbnailCacheManager$cancelFarJobs: Cancelled far job: content://media/external/video/media/1000041099_14 (distance > 5)
03-02 11:21:12.180  8543  8621 D ThumbnailCacheManager$loadStripWithTracking$job: Segment job cancelled: content://media/external/video/media/1000041099_14
03-02 11:21:12.182  8543  8621 D ThumbnailCacheManager$loadStripWithTracking$job: Segment job cancelled: content://media/external/video/media/1000041099_15
03-02 11:21:12.184  8543  8725 V ThumbnailCacheManager$cancelFarJobs: Cancelled far job: content://media/external/video/media/1000041099_15 (distance > 5)
03-02 11:21:12.186  8543  8725 V ThumbnailCacheManager$cancelFarJobs: Cancelled far job: content://media/external/video/media/1000041099_16 (distance > 5)
03-02 11:21:12.186  8543  8624 D ThumbnailCacheManager$loadStripWithTracking$job: Segment job cancelled: content://media/external/video/media/1000041099_16
03-02 11:21:12.187  8543  8725 V ThumbnailCacheManager$cancelFarJobs: Cancelled far job: content://media/external/video/media/1000041099_17 (distance > 5)
03-02 11:21:12.188  8543  8624 D ThumbnailCacheManager$loadStripWithTracking$job: Segment job cancelled: content://media/external/video/media/1000041099_17
03-02 11:21:12.189  8543  8725 V ThumbnailCacheManager$cancelFarJobs: Cancelled far job: content://media/external/video/media/1000041099_18 (distance > 5)
03-02 11:21:12.191  8543  8725 D ThumbnailCacheManager$loadStripWithTracking$job: Segment job cancelled: content://media/external/video/media/1000041099_18
03-02 11:21:12.249  8543  8543 D ThumbnailCacheManager: Checking for far jobs from segment 8 (threshold: 5)
03-02 11:21:12.249  8543  8543 D ThumbnailCacheManager: Checking for far jobs from segment 8 (threshold: 10)
03-02 11:21:12.266  8543  8622 D ThumbnailCacheManager$loadStripWithTracking$job: Segment job cancelled: content://media/external/video/media/1000041099_18
03-02 11:21:12.291  8543  8618 D ThumbnailCacheManager$loadStripWithTracking$job: Segment job cancelled: content://media/external/video/media/1000041099_17
03-02 11:21:12.296  8543  8725 D ThumbnailCacheManager$loadStripWithTracking$job: Segment job cancelled: content://media/external/video/media/1000041099_15
03-02 11:21:12.304  8543  8634 D ThumbnailCacheManager$loadStripWithTracking$job: Segment job cancelled: content://media/external/video/media/1000041099_16
03-02 11:21:12.326  8543  8543 D ThumbnailCacheManager: Checking for far jobs from segment 8 (threshold: 5)
03-02 11:21:12.327  8543  8543 D ThumbnailCacheManager: Checking for far jobs from segment 8 (threshold: 10)
03-02 11:21:12.386  8543  8543 D ThumbnailCacheManager: Checking for far jobs from segment 8 (threshold: 5)
03-02 11:21:12.387  8543  8543 D ThumbnailCacheManager: Checking for far jobs from segment 8 (threshold: 10)
03-02 11:21:12.389  8543  8633 D ThumbnailCacheManager$cancelFarJobs: Cancelling 2 far jobs (distance > 5)
03-02 11:21:12.393  8543  8634 D ThumbnailCacheManager$loadStripWithTracking$job: Segment job cancelled: content://media/external/video/media/1000041099_14
03-02 11:21:12.393  8543  8633 V ThumbnailCacheManager$cancelFarJobs: Cancelled far job: content://media/external/video/media/1000041099_14 (distance > 5)
03-02 11:21:12.394  8543  8633 V ThumbnailCacheManager$cancelFarJobs: Cancelled far job: content://media/external/video/media/1000041099_18 (distance > 5)
03-02 11:21:12.395  8543  8634 D ThumbnailCacheManager$loadStripWithTracking$job: Segment job cancelled: content://media/external/video/media/1000041099_18
03-02 11:21:12.433  8543  8543 D ThumbnailCacheManager: Checking for far jobs from segment 8 (threshold: 5)
03-02 11:21:12.433  8543  8543 D ThumbnailCacheManager: Checking for far jobs from segment 8 (threshold: 10)
03-02 11:21:12.484  8543  8543 D ThumbnailCacheManager: Checking for far jobs from segment 8 (threshold: 5)
03-02 11:21:12.485  8543  8543 D ThumbnailCacheManager: Checking for far jobs from segment 8 (threshold: 10)
03-02 11:21:25.552  8543  8543 D HomeViewModel$startPreloadInBackground: Starting preload with ThumbnailCacheManager: 6 segments
03-02 11:21:25.552  8543  8543 D ThumbnailCacheManager: ThumbnailCacheManager: StripManager configured with thumbWidth=168, thumbHeight=168, thumbsPerStrip=10
03-02 11:21:25.553  8543  8543 D ThumbnailCacheManager: Cancelled 2 segment jobs for content://media/external/video/media/1000041099
03-02 11:21:25.553  8543  8721 D ThumbnailCacheManager$loadStripWithTracking$job: Segment job cancelled: content://media/external/video/media/1000041099_18
03-02 11:21:25.553  8543  8543 D ThumbnailCacheManager: Starting preload for content://media/external/video/media/1000041099: 6 initial segments out of 30 total
03-02 11:21:25.554  8543  8622 D ThumbnailCacheManager$loadStripWithTracking$job: Segment job cancelled: content://media/external/video/media/1000041099_17
03-02 11:21:25.554  8543  8543 D ThumbnailCacheManager: Preloaded segment 0/30
03-02 11:21:25.555  8543  8543 D ThumbnailCacheManager: Preloaded segment 1/30
03-02 11:21:25.556  8543  8543 D ThumbnailCacheManager: Preloaded segment 2/30
03-02 11:21:25.556  8543  8543 D ThumbnailCacheManager: Preloaded segment 3/30
03-02 11:21:25.556  8543  8543 D ThumbnailCacheManager: Preloaded segment 4/30
03-02 11:21:25.556  8543  8543 D ThumbnailCacheManager: Preloaded segment 5/30
03-02 11:21:25.556  8543  8543 D ThumbnailCacheManager: Preload completed: 6 segments loaded
03-02 11:21:30.764  8543  8543 D TrimViewModel: === TrimViewModel INIT ===
03-02 11:21:30.764  8543  8543 D TrimViewModel: initialAudioAmplitudes = 0
